Archive member included because of file (symbol)

/home/marcin/avr8-tools/bin/../lib/gcc/avr/4.8.1/avrxmega2/libgcc.a(_exit.o)
                              /home/marcin/avr8-tools/bin/../lib/gcc/avr/4.8.1/../../../../avr/lib/avrxmega2/crtx32a4u.o (exit)
/home/marcin/avr8-tools/bin/../lib/gcc/avr/4.8.1/avrxmega2/libgcc.a(_tablejump.o)
                              Bin/XModem.o (__tablejump2__)
/home/marcin/avr8-tools/bin/../lib/gcc/avr/4.8.1/avrxmega2/libgcc.a(_copy_data.o)
                              Bin/Terminal.o (__do_copy_data)
/home/marcin/avr8-tools/bin/../lib/gcc/avr/4.8.1/avrxmega2/libgcc.a(_clear_bss.o)
                              Bin/Configuration.o (__do_clear_bss)
/home/marcin/avr8-tools/bin/../lib/gcc/avr/4.8.1/avrxmega2/libgcc.a(_mulshisi3.o)
                              Bin/Commands.o (__mulshisi3)
/home/marcin/avr8-tools/bin/../lib/gcc/avr/4.8.1/avrxmega2/libgcc.a(_muluhisi3.o)
                              /home/marcin/avr8-tools/bin/../lib/gcc/avr/4.8.1/avrxmega2/libgcc.a(_mulshisi3.o) (__muluhisi3)
/home/marcin/avr8-tools/bin/../lib/gcc/avr/4.8.1/avrxmega2/libgcc.a(_umulhisi3.o)
                              /home/marcin/avr8-tools/bin/../lib/gcc/avr/4.8.1/avrxmega2/libgcc.a(_muluhisi3.o) (__umulhisi3)
/home/marcin/avr8-tools/bin/../lib/gcc/avr/4.8.1/../../../../avr/lib/avrxmega2/libc.a(rand.o)
                              Bin/Random.o (rand)
/home/marcin/avr8-tools/bin/../lib/gcc/avr/4.8.1/../../../../avr/lib/avrxmega2/libc.a(memcpy_P.o)
                              Bin/Configuration.o (memcpy_P)
/home/marcin/avr8-tools/bin/../lib/gcc/avr/4.8.1/../../../../avr/lib/avrxmega2/libc.a(strcmp_P.o)
                              Bin/Button.o (strcmp_P)
/home/marcin/avr8-tools/bin/../lib/gcc/avr/4.8.1/../../../../avr/lib/avrxmega2/libc.a(strncpy_P.o)
                              Bin/Button.o (strncpy_P)
/home/marcin/avr8-tools/bin/../lib/gcc/avr/4.8.1/../../../../avr/lib/avrxmega2/libc.a(memcmp.o)
                              Bin/HIDClassDevice.o (memcmp)
/home/marcin/avr8-tools/bin/../lib/gcc/avr/4.8.1/../../../../avr/lib/avrxmega2/libc.a(memcpy.o)
                              Bin/HIDClassDevice.o (memcpy)
/home/marcin/avr8-tools/bin/../lib/gcc/avr/4.8.1/../../../../avr/lib/avrxmega2/libc.a(memset.o)
                              Bin/HIDClassDevice.o (memset)
/home/marcin/avr8-tools/bin/../lib/gcc/avr/4.8.1/../../../../avr/lib/avrxmega2/libc.a(snprintf_p.o)
                              Bin/Commands.o (snprintf_P)
/home/marcin/avr8-tools/bin/../lib/gcc/avr/4.8.1/../../../../avr/lib/avrxmega2/libc.a(vfprintf_std.o)
                              /home/marcin/avr8-tools/bin/../lib/gcc/avr/4.8.1/../../../../avr/lib/avrxmega2/libc.a(snprintf_p.o) (vfprintf)
/home/marcin/avr8-tools/bin/../lib/gcc/avr/4.8.1/../../../../avr/lib/avrxmega2/libc.a(eerd_block_atxmega32a4u.o)
                              Bin/Settings.o (__eerd_block_x32a4u)
/home/marcin/avr8-tools/bin/../lib/gcc/avr/4.8.1/../../../../avr/lib/avrxmega2/libc.a(eerd_byte_atxmega32a4u.o)
                              Bin/EndpointStream_XMEGA.o (__eerd_byte_x32a4u)
/home/marcin/avr8-tools/bin/../lib/gcc/avr/4.8.1/../../../../avr/lib/avrxmega2/libc.a(eeupd_byte_atxmega32a4u.o)
                              Bin/EndpointStream_XMEGA.o (__eeupd_byte_x32a4u)
/home/marcin/avr8-tools/bin/../lib/gcc/avr/4.8.1/../../../../avr/lib/avrxmega2/libc.a(eewr_block_atxmega32a4u.o)
                              Bin/Settings.o (__eewr_block_x32a4u)
/home/marcin/avr8-tools/bin/../lib/gcc/avr/4.8.1/../../../../avr/lib/avrxmega2/libc.a(eewr_byte_atxmega32a4u.o)
                              /home/marcin/avr8-tools/bin/../lib/gcc/avr/4.8.1/../../../../avr/lib/avrxmega2/libc.a(eeupd_byte_atxmega32a4u.o) (__eewr_r18_x32a4u)
/home/marcin/avr8-tools/bin/../lib/gcc/avr/4.8.1/../../../../avr/lib/avrxmega2/libc.a(strnlen_P.o)
                              /home/marcin/avr8-tools/bin/../lib/gcc/avr/4.8.1/../../../../avr/lib/avrxmega2/libc.a(vfprintf_std.o) (strnlen_P)
/home/marcin/avr8-tools/bin/../lib/gcc/avr/4.8.1/../../../../avr/lib/avrxmega2/libc.a(strnlen.o)
                              /home/marcin/avr8-tools/bin/../lib/gcc/avr/4.8.1/../../../../avr/lib/avrxmega2/libc.a(vfprintf_std.o) (strnlen)
/home/marcin/avr8-tools/bin/../lib/gcc/avr/4.8.1/../../../../avr/lib/avrxmega2/libc.a(fputc.o)
                              /home/marcin/avr8-tools/bin/../lib/gcc/avr/4.8.1/../../../../avr/lib/avrxmega2/libc.a(vfprintf_std.o) (fputc)
/home/marcin/avr8-tools/bin/../lib/gcc/avr/4.8.1/../../../../avr/lib/avrxmega2/libc.a(ultoa_invert.o)
                              /home/marcin/avr8-tools/bin/../lib/gcc/avr/4.8.1/../../../../avr/lib/avrxmega2/libc.a(vfprintf_std.o) (__ultoa_invert)
/home/marcin/avr8-tools/bin/../lib/gcc/avr/4.8.1/avrxmega2/libgcc.a(_divmodsi4.o)
                              /home/marcin/avr8-tools/bin/../lib/gcc/avr/4.8.1/../../../../avr/lib/avrxmega2/libc.a(rand.o) (__divmodsi4)
[...]
Memory Configuration

Name             Origin             Length             Attributes
text             0x0000000000000000 0x0000000000100000 xr
data             0x0000000000802000 0x000000000000ffa0 rw !x
eeprom           0x0000000000810000 0x0000000000010000 rw !x
fuse             0x0000000000820000 0x0000000000000400 rw !x
lock             0x0000000000830000 0x0000000000000400 rw !x
signature        0x0000000000840000 0x0000000000000400 rw !x
user_signatures  0x0000000000850000 0x0000000000000400 rw !x
*default*        0x0000000000000000 0xffffffffffffffff

Linker script and memory map

LOAD /home/marcin/avr8-tools/bin/../lib/gcc/avr/4.8.1/../../../../avr/lib/avrxmega2/crtx32a4u.o
LOAD Bin/Chameleon-Mini.o
LOAD Bin/LUFADescriptors.o
LOAD Bin/System.o
LOAD Bin/Configuration.o
LOAD Bin/Random.o
LOAD Bin/Common.o
LOAD Bin/Memory.o
LOAD Bin/Button.o
LOAD Bin/Settings.o
LOAD Bin/LED.o
LOAD Bin/Terminal.o
LOAD Bin/Commands.o
LOAD Bin/XModem.o
LOAD Bin/CommandLine.o
LOAD Bin/Codec.o
LOAD Bin/ISO14443-2A.o
LOAD Bin/MifareClassic.o
LOAD Bin/ISO14443-3A.o
LOAD Bin/Crypto1.o
LOAD Bin/HIDParser.o
LOAD Bin/ConfigDescriptors.o
LOAD Bin/DeviceStandardReq.o
LOAD Bin/Events.o
LOAD Bin/HostStandardReq.o
LOAD Bin/USBTask.o
LOAD Bin/Device_XMEGA.o
LOAD Bin/EndpointStream_XMEGA.o
LOAD Bin/Endpoint_XMEGA.o
LOAD Bin/Host_XMEGA.o
LOAD Bin/PipeStream_XMEGA.o
LOAD Bin/Pipe_XMEGA.o
LOAD Bin/USBController_XMEGA.o
LOAD Bin/USBInterrupt_XMEGA.o
LOAD Bin/AudioClassDevice.o
LOAD Bin/CDCClassDevice.o
LOAD Bin/HIDClassDevice.o
LOAD Bin/MassStorageClassDevice.o
LOAD Bin/MIDIClassDevice.o
LOAD Bin/PrinterClassDevice.o
LOAD Bin/RNDISClassDevice.o
LOAD Bin/AndroidAccessoryClassHost.o
LOAD Bin/AudioClassHost.o
LOAD Bin/CDCClassHost.o
LOAD Bin/HIDClassHost.o
LOAD Bin/MassStorageClassHost.o
LOAD Bin/MIDIClassHost.o
LOAD Bin/PrinterClassHost.o
LOAD Bin/RNDISClassHost.o
LOAD Bin/StillImageClassHost.o
LOAD /home/marcin/avr8-tools/bin/../lib/gcc/avr/4.8.1/../../../../avr/lib/avrxmega2/libm.a
START GROUP
LOAD /home/marcin/avr8-tools/bin/../lib/gcc/avr/4.8.1/avrxmega2/libgcc.a
LOAD /home/marcin/avr8-tools/bin/../lib/gcc/avr/4.8.1/../../../../avr/lib/avrxmega2/libm.a
LOAD /home/marcin/avr8-tools/bin/../lib/gcc/avr/4.8.1/../../../../avr/lib/avrxmega2/libc.a
END GROUP

.hash
 *(.hash)

.dynsym
 *(.dynsym)

.dynstr
 *(.dynstr)

.gnu.version
 *(.gnu.version)

.gnu.version_d
 *(.gnu.version_d)

.gnu.version_r
 *(.gnu.version_r)

.rel.init
 *(.rel.init)

.rela.init
 *(.rela.init)

.rel.text
 *(.rel.text)
 *(.rel.text.*)
 *(.rel.gnu.linkonce.t*)

.rela.text
 *(.rela.text)
 *(.rela.text.*)
 *(.rela.gnu.linkonce.t*)

.rel.fini
 *(.rel.fini)

.rela.fini
 *(.rela.fini)

.rel.rodata
 *(.rel.rodata)
 *(.rel.rodata.*)
 *(.rel.gnu.linkonce.r*)

.rela.rodata
 *(.rela.rodata)
 *(.rela.rodata.*)
 *(.rela.gnu.linkonce.r*)

.rel.data
 *(.rel.data)
 *(.rel.data.*)
 *(.rel.gnu.linkonce.d*)

.rela.data
 *(.rela.data)
 *(.rela.data.*)
 *(.rela.gnu.linkonce.d*)

.rel.ctors
 *(.rel.ctors)

.rela.ctors
 *(.rela.ctors)

.rel.dtors
 *(.rel.dtors)

.rela.dtors
 *(.rela.dtors)

.rel.got
 *(.rel.got)

.rela.got
 *(.rela.got)

.rel.bss
 *(.rel.bss)

.rela.bss
 *(.rela.bss)

.rel.plt
 *(.rel.plt)

.rela.plt
 *(.rela.plt)

.text           0x0000000000000000     0x4b24
 *(.vectors)
 .vectors       0x0000000000000000      0x1fc /home/marcin/avr8-tools/bin/../lib/gcc/avr/4.8.1/../../../../avr/lib/avrxmega2/crtx32a4u.o
                0x0000000000000000                __vectors
 *(.vectors)
 *(.progmem.gcc*)
 .progmem.gcc_sw_table.XModemProcessByte
                0x00000000000001fc       0x12 Bin/XModem.o
 .progmem.gcc_sw_table.__vector_83
                0x000000000000020e       0x16 Bin/ISO14443-2A.o
 .progmem.gcc_sw_table.MifareClassicAppProcess
                0x0000000000000224       0x14 Bin/MifareClassic.o
 .progmem.gcc_sw_table.USB_Device_ProcessControlRequest
                0x0000000000000238       0x14 Bin/DeviceStandardReq.o
                0x000000000000024c                . = ALIGN (0x2)
                0x000000000000024c                __trampolines_start = .
 *(.trampolines)
 .trampolines   0x000000000000024c        0x0 linker stubs
 *(.trampolines*)
                0x000000000000024c                __trampolines_end = .
 *(.progmem*)
 .progmem.data  0x000000000000024c       0x8c Bin/LUFADescriptors.o
                0x000000000000024c                ProductString
                0x000000000000026a                ManufacturerString
                0x0000000000000284                LanguageString
                0x0000000000000288                ConfigurationDescriptor
                0x00000000000002c6                DeviceDescriptor
 .progmem.data  0x00000000000002d8       0x6f Bin/Configuration.o
 .progmem.data  0x0000000000000347       0xe0 Bin/Button.o
 .progmem.data  0x0000000000000427       0x64 Bin/Commands.o
 .progmem.data  0x000000000000048b      0x22c Bin/CommandLine.o
                0x0000000000000557                CommandTable
                0x00000000000006b8                . = ALIGN (0x2)
 *fill*         0x00000000000006b7        0x1 
 *(.jumptables)
 *(.jumptables*)
 *(.lowtext)
 *(.lowtext*)
                0x00000000000006b8                __ctors_start = .
 *(.ctors)
                0x00000000000006b8                __ctors_end = .
                0x00000000000006b8                __dtors_start = .
 *(.dtors)
                0x00000000000006b8                __dtors_end = .
 SORT(*)(.ctors)
 SORT(*)(.dtors)
 *(.init0)
 .init0         0x00000000000006b8        0x0 /home/marcin/avr8-tools/bin/../lib/gcc/avr/4.8.1/../../../../avr/lib/avrxmega2/crtx32a4u.o
                0x00000000000006b8                __init
 *(.init0)
 *(.init1)
 *(.init1)
 *(.init2)
 .init2         0x00000000000006b8        0xc /home/marcin/avr8-tools/bin/../lib/gcc/avr/4.8.1/../../../../avr/lib/avrxmega2/crtx32a4u.o
 *(.init2)
 *(.init3)
 *(.init3)
 *(.init4)
 .init4         0x00000000000006c4       0x16 /home/marcin/avr8-tools/bin/../lib/gcc/avr/4.8.1/avrxmega2/libgcc.a(_copy_data.o)
                0x00000000000006c4                __do_copy_data
 .init4         0x00000000000006da       0x10 /home/marcin/avr8-tools/bin/../lib/gcc/avr/4.8.1/avrxmega2/libgcc.a(_clear_bss.o)
                0x00000000000006da                __do_clear_bss
 *(.init4)
 *(.init5)
 *(.init5)
 *(.init6)
 *(.init6)
 *(.init7)
 *(.init7)
 *(.init8)
 *(.init8)
 *(.init9)
 .init9         0x00000000000006ea        0x6 /home/marcin/avr8-tools/bin/../lib/gcc/avr/4.8.1/../../../../avr/lib/avrxmega2/crtx32a4u.o
 *(.init9)
 *(.text)
 .text          0x00000000000006f0        0x2 /home/marcin/avr8-tools/bin/../lib/gcc/avr/4.8.1/../../../../avr/lib/avrxmega2/crtx32a4u.o
                0x00000000000006f0                __vector_38
                0x00000000000006f0                __vector_104
                0x00000000000006f0                __vector_63
                0x00000000000006f0                __vector_28
                0x00000000000006f0                __vector_67
                0x00000000000006f0                __vector_1
                0x00000000000006f0                __vector_119
                0x00000000000006f0                __vector_32
                0x00000000000006f0                __vector_75
                0x00000000000006f0                __vector_71
                0x00000000000006f0                __vector_91
                0x00000000000006f0                __vector_62
                0x00000000000006f0                __vector_77
                0x00000000000006f0                __vector_102
                0x00000000000006f0                __vector_24
                0x00000000000006f0                __vector_12
                0x00000000000006f0                __vector_55
                0x00000000000006f0                __vector_69
                0x00000000000006f0                __vector_81
                0x00000000000006f0                __vector_90
                0x00000000000006f0                __vector_46
                0x00000000000006f0                __bad_interrupt
                0x00000000000006f0                __vector_122
                0x00000000000006f0                __vector_72
                0x00000000000006f0                __vector_114
                0x00000000000006f0                __vector_6
                0x00000000000006f0                __vector_110
                0x00000000000006f0                __vector_31
                0x00000000000006f0                __vector_92
                0x00000000000006f0                __vector_35
                0x00000000000006f0                __vector_78
                0x00000000000006f0                __vector_74
                0x00000000000006f0                __vector_117
                0x00000000000006f0                __vector_39
                0x00000000000006f0                __vector_107
                0x00000000000006f0                __vector_3
                0x00000000000006f0                __vector_105
                0x00000000000006f0                __vector_98
                0x00000000000006f0                __vector_23
                0x00000000000006f0                __vector_68
                0x00000000000006f0                __vector_30
                0x00000000000006f0                __vector_73
                0x00000000000006f0                __vector_45
                0x00000000000006f0                __vector_25
                0x00000000000006f0                __vector_93
                0x00000000000006f0                __vector_61
                0x00000000000006f0                __vector_11
                0x00000000000006f0                __vector_54
                0x00000000000006f0                __vector_99
                0x00000000000006f0                __vector_13
                0x00000000000006f0                __vector_17
                0x00000000000006f0                __vector_19
                0x00000000000006f0                __vector_56
                0x00000000000006f0                __vector_7
                0x00000000000006f0                __vector_49
                0x00000000000006f0                __vector_123
                0x00000000000006f0                __vector_41
                0x00000000000006f0                __vector_86
                0x00000000000006f0                __vector_100
                0x00000000000006f0                __vector_101
                0x00000000000006f0                __vector_64
                0x00000000000006f0                __vector_88
                0x00000000000006f0                __vector_109
                0x00000000000006f0                __vector_43
                0x00000000000006f0                __vector_27
                0x00000000000006f0                __vector_5
                0x00000000000006f0                __vector_113
                0x00000000000006f0                __vector_33
                0x00000000000006f0                __vector_76
                0x00000000000006f0                __vector_115
                0x00000000000006f0                __vector_47
                0x00000000000006f0                __vector_52
                0x00000000000006f0                __vector_37
                0x00000000000006f0                __vector_95
                0x00000000000006f0                __vector_103
                0x00000000000006f0                __vector_96
                0x00000000000006f0                __vector_89
                0x00000000000006f0                __vector_108
                0x00000000000006f0                __vector_4
                0x00000000000006f0                __vector_44
                0x00000000000006f0                __vector_82
                0x00000000000006f0                __vector_106
                0x00000000000006f0                __vector_118
                0x00000000000006f0                __vector_51
                0x00000000000006f0                __vector_9
                0x00000000000006f0                __vector_2
                0x00000000000006f0                __vector_21
                0x00000000000006f0                __vector_15
                0x00000000000006f0                __vector_66
                0x00000000000006f0                __vector_36
                0x00000000000006f0                __vector_79
                0x00000000000006f0                __vector_58
                0x00000000000006f0                __vector_70
                0x00000000000006f0                __vector_29
                0x00000000000006f0                __vector_60
                0x00000000000006f0                __vector_121
                0x00000000000006f0                __vector_40
                0x00000000000006f0                __vector_85
                0x00000000000006f0                __vector_94
                0x00000000000006f0                __vector_126
                0x00000000000006f0                __vector_8
                0x00000000000006f0                __vector_26
                0x00000000000006f0                __vector_48
                0x00000000000006f0                __vector_124
                0x00000000000006f0                __vector_116
                0x00000000000006f0                __vector_112
                0x00000000000006f0                __vector_111
                0x00000000000006f0                __vector_80
                0x00000000000006f0                __vector_14
                0x00000000000006f0                __vector_84
                0x00000000000006f0                __vector_57
                0x00000000000006f0                __vector_53
                0x00000000000006f0                __vector_10
                0x00000000000006f0                __vector_50
                0x00000000000006f0                __vector_16
                0x00000000000006f0                __vector_59
                0x00000000000006f0                __vector_18
                0x00000000000006f0                __vector_97
                0x00000000000006f0                __vector_20
                0x00000000000006f0                __vector_42
                0x00000000000006f0                __vector_87
                0x00000000000006f0                __vector_65
                0x00000000000006f0                __vector_120
                0x00000000000006f2                . = ALIGN (0x2)
 *(.text.*)
 .text.startup.main
                0x00000000000006f2       0x6e Bin/Chameleon-Mini.o
                0x00000000000006f2                main
 .text.CALLBACK_USB_GetDescriptor
                0x0000000000000760       0x7c Bin/LUFADescriptors.o
                0x0000000000000760                CALLBACK_USB_GetDescriptor
 .text.__vector_default
                0x00000000000007dc        0xc Bin/System.o
                0x00000000000007dc                __vector_default
 .text.SystemInit
                0x00000000000007e8       0x6e Bin/System.o
                0x00000000000007e8                SystemInit
 .text.SystemReset
                0x0000000000000856        0xe Bin/System.o
                0x0000000000000856                SystemReset
 .text.SystemEnterBootloader
                0x0000000000000864        0xc Bin/System.o
                0x0000000000000864                SystemEnterBootloader
 .text.SystemStartUSBClock
                0x0000000000000870       0x32 Bin/System.o
                0x0000000000000870                SystemStartUSBClock
 .text.SystemStopUSBClock
                0x00000000000008a2       0x1c Bin/System.o
                0x00000000000008a2                SystemStopUSBClock
 .text.SystemInterruptInit
                0x00000000000008be        0xc Bin/System.o
                0x00000000000008be                SystemInterruptInit
 .text.CodecInitDummy
                0x00000000000008ca        0x2 Bin/Configuration.o
 .text.CodecTaskDummy
                0x00000000000008cc        0x2 Bin/Configuration.o
 .text.ApplicationInitDummy
                0x00000000000008ce        0x2 Bin/Configuration.o
 .text.ApplicationResetDummy
                0x00000000000008d0        0x2 Bin/Configuration.o
 .text.ApplicationTaskDummy
                0x00000000000008d2        0x2 Bin/Configuration.o
 .text.ApplicationProcessDummy
                0x00000000000008d4        0x6 Bin/Configuration.o
 .text.ApplicationGetUidDummy
                0x00000000000008da        0x2 Bin/Configuration.o
 .text.ApplicationSetUidDummy
                0x00000000000008dc        0x2 Bin/Configuration.o
 .text.ConfigurationSetById
                0x00000000000008de       0x36 Bin/Configuration.o
                0x00000000000008de                ConfigurationSetById
 .text.ConfigurationInit
                0x0000000000000914        0xc Bin/Configuration.o
                0x0000000000000914                ConfigurationInit
 .text.ConfigurationSetByName
                0x0000000000000920       0x7a Bin/Configuration.o
                0x0000000000000920                ConfigurationSetByName
 .text.ConfigurationGetList
                0x000000000000099a       0x74 Bin/Configuration.o
                0x000000000000099a                ConfigurationGetList
 .text.RandomInit
                0x0000000000000a0e        0x2 Bin/Random.o
                0x0000000000000a0e                RandomInit
 .text.RandomGetByte
                0x0000000000000a10        0x6 Bin/Random.o
                0x0000000000000a10                RandomGetByte
 .text.RandomGetBuffer
                0x0000000000000a16       0x20 Bin/Random.o
                0x0000000000000a16                RandomGetBuffer
 .text.RandomTick
                0x0000000000000a36       0x10 Bin/Random.o
                0x0000000000000a36                RandomTick
 .text.BufferToHexString
                0x0000000000000a46       0x86 Bin/Common.o
                0x0000000000000a46                BufferToHexString
 .text.HexStringToBuffer
                0x0000000000000acc       0x94 Bin/Common.o
                0x0000000000000acc                HexStringToBuffer
 .text.MemoryInit
                0x0000000000000b60       0xf0 Bin/Memory.o
                0x0000000000000b60                MemoryInit
 .text.MemoryReadBlock
                0x0000000000000c50      0x10a Bin/Memory.o
                0x0000000000000c50                MemoryReadBlock
 .text.MemoryWriteBlock
                0x0000000000000d5a      0x286 Bin/Memory.o
                0x0000000000000d5a                MemoryWriteBlock
 .text.MemoryClear
                0x0000000000000fe0       0xba Bin/Memory.o
                0x0000000000000fe0                MemoryClear
 .text.MemoryUploadBlock
                0x000000000000109a       0x70 Bin/Memory.o
                0x000000000000109a                MemoryUploadBlock
 .text.MemoryDownloadBlock
                0x000000000000110a       0x72 Bin/Memory.o
                0x000000000000110a                MemoryDownloadBlock
 .text.ButtonInit
                0x000000000000117c        0xe Bin/Button.o
                0x000000000000117c                ButtonInit
 .text.ButtonTick
                0x000000000000118a      0x1a6 Bin/Button.o
                0x000000000000118a                ButtonTick
 .text.ButtonGetActionList
                0x0000000000001330       0x72 Bin/Button.o
                0x0000000000001330                ButtonGetActionList
 .text.ButtonGetActionByName
                0x00000000000013a2       0x1c Bin/Button.o
                0x00000000000013a2                ButtonGetActionByName
 .text.ButtonSetActionByName
                0x00000000000013be       0x9a Bin/Button.o
                0x00000000000013be                ButtonSetActionByName
 .text.SettingsLoad
                0x0000000000001458       0x10 Bin/Settings.o
                0x0000000000001458                SettingsLoad
 .text.SettingsSave
                0x0000000000001468       0x10 Bin/Settings.o
                0x0000000000001468                SettingsSave
 .text.SettingsSetActiveById
                0x0000000000001478       0x1e Bin/Settings.o
                0x0000000000001478                SettingsSetActiveById
 .text.SettingsCycle
                0x0000000000001496       0xda Bin/Settings.o
                0x0000000000001496                SettingsCycle
 .text.SettingsGetActiveByName
                0x0000000000001570        0xe Bin/Settings.o
                0x0000000000001570                SettingsGetActiveByName
 .text.SettingsSetActiveByName
                0x000000000000157e       0x1a Bin/Settings.o
                0x000000000000157e                SettingsSetActiveByName
 .text.TerminalSendString
                0x0000000000001598        0xa Bin/Terminal.o
                0x0000000000001598                TerminalSendString
 .text.TerminalSendStringP
                0x00000000000015a2       0x28 Bin/Terminal.o
                0x00000000000015a2                TerminalSendStringP
 .text.TerminalSendBlock
                0x00000000000015ca        0xc Bin/Terminal.o
                0x00000000000015ca                TerminalSendBlock
 .text.TerminalInit
                0x00000000000015d6        0xa Bin/Terminal.o
                0x00000000000015d6                TerminalInit
 .text.TerminalTask
                0x00000000000015e0       0x3e Bin/Terminal.o
                0x00000000000015e0                TerminalTask
 .text.TerminalTick
                0x000000000000161e       0x7c Bin/Terminal.o
                0x000000000000161e                TerminalTick
 .text.EVENT_USB_Device_Connect
                0x000000000000169a        0xa Bin/Terminal.o
                0x000000000000169a                EVENT_USB_Device_Connect
 .text.EVENT_USB_Device_Disconnect
                0x00000000000016a4        0xa Bin/Terminal.o
                0x00000000000016a4                EVENT_USB_Device_Disconnect
 .text.EVENT_USB_Device_ConfigurationChanged
                0x00000000000016ae        0x8 Bin/Terminal.o
                0x00000000000016ae                EVENT_USB_Device_ConfigurationChanged
 .text.EVENT_USB_Device_ControlRequest
                0x00000000000016b6        0x8 Bin/Terminal.o
                0x00000000000016b6                EVENT_USB_Device_ControlRequest
 .text.CommandGetVersion
                0x00000000000016be       0x3c Bin/Commands.o
                0x00000000000016be                CommandGetVersion
 .text.CommandGetConfig
                0x00000000000016fa       0x2c Bin/Commands.o
                0x00000000000016fa                CommandGetConfig
 .text.CommandSetConfig
                0x0000000000001726       0x10 Bin/Commands.o
                0x0000000000001726                CommandSetConfig
 .text.CommandExecConfig
                0x0000000000001736        0xa Bin/Commands.o
                0x0000000000001736                CommandExecConfig
 .text.CommandGetUid
                0x0000000000001740       0x52 Bin/Commands.o
                0x0000000000001740                CommandGetUid
 .text.CommandSetUid
                0x0000000000001792       0xa0 Bin/Commands.o
                0x0000000000001792                CommandSetUid
 .text.CommandGetReadOnly
                0x0000000000001832       0x24 Bin/Commands.o
                0x0000000000001832                CommandGetReadOnly
 .text.CommandSetReadOnly
                0x0000000000001856       0x28 Bin/Commands.o
                0x0000000000001856                CommandSetReadOnly
 .text.CommandExecUpload
                0x000000000000187e        0xa Bin/Commands.o
                0x000000000000187e                CommandExecUpload
 .text.CommandExecDownload
                0x0000000000001888        0xa Bin/Commands.o
                0x0000000000001888                CommandExecDownload
 .text.CommandExecReset
                0x0000000000001892       0x16 Bin/Commands.o
                0x0000000000001892                CommandExecReset
 .text.CommandExecUpgrade
                0x00000000000018a8       0x16 Bin/Commands.o
                0x00000000000018a8                CommandExecUpgrade
 .text.CommandGetMemSize
                0x00000000000018be       0x30 Bin/Commands.o
                0x00000000000018be                CommandGetMemSize
 .text.CommandGetUidSize
                0x00000000000018ee       0x2c Bin/Commands.o
                0x00000000000018ee                CommandGetUidSize
 .text.CommandExecButton
                0x000000000000191a        0xa Bin/Commands.o
                0x000000000000191a                CommandExecButton
 .text.CommandGetButton
                0x0000000000001924        0xa Bin/Commands.o
                0x0000000000001924                CommandGetButton
 .text.CommandSetButton
                0x000000000000192e       0x10 Bin/Commands.o
                0x000000000000192e                CommandSetButton
 .text.CommandGetSetting
                0x000000000000193e        0xa Bin/Commands.o
                0x000000000000193e                CommandGetSetting
 .text.CommandSetSetting
                0x0000000000001948       0x10 Bin/Commands.o
                0x0000000000001948                CommandSetSetting
 .text.CommandExecClear
                0x0000000000001958        0x6 Bin/Commands.o
                0x0000000000001958                CommandExecClear
 .text.CommandExecHelp
                0x000000000000195e       0x94 Bin/Commands.o
                0x000000000000195e                CommandExecHelp
 .text.CommandGetRssi
                0x00000000000019f2       0x68 Bin/Commands.o
                0x00000000000019f2                CommandGetRssi
 .text.XModemReceive
                0x0000000000001a5a       0x30 Bin/XModem.o
                0x0000000000001a5a                XModemReceive
 .text.XModemSend
                0x0000000000001a8a       0x26 Bin/XModem.o
                0x0000000000001a8a                XModemSend
 .text.XModemProcessByte
                0x0000000000001ab0      0x2c2 Bin/XModem.o
                0x0000000000001ab0                XModemProcessByte
 .text.XModemTick
                0x0000000000001d72       0x5c Bin/XModem.o
                0x0000000000001d72                XModemTick
 .text.CommandLineProcessByte
                0x0000000000001dce      0x34c Bin/CommandLine.o
                0x0000000000001dce                CommandLineProcessByte
 .text.CommandLineTick
                0x000000000000211a        0x2 Bin/CommandLine.o
                0x000000000000211a                CommandLineTick
 .text.StartDemod
                0x000000000000211c       0x3c Bin/ISO14443-2A.o
 .text.__vector_34
                0x0000000000002158       0x88 Bin/ISO14443-2A.o
                0x0000000000002158                __vector_34
 .text.__vector_22
                0x00000000000021e0      0x174 Bin/ISO14443-2A.o
                0x00000000000021e0                __vector_22
 .text.__vector_83
                0x0000000000002354      0x1bc Bin/ISO14443-2A.o
                0x0000000000002354                __vector_83
 .text.ISO14443ACodecInit
                0x0000000000002510       0x6e Bin/ISO14443-2A.o
                0x0000000000002510                ISO14443ACodecInit
 .text.ISO14443ACodecTask
                0x000000000000257e       0xf6 Bin/ISO14443-2A.o
                0x000000000000257e                ISO14443ACodecTask
 .text.MifareClassicAppInit1K
                0x0000000000002674       0x1a Bin/MifareClassic.o
                0x0000000000002674                MifareClassicAppInit1K
 .text.MifareClassicAppInit4K
                0x000000000000268e       0x1a Bin/MifareClassic.o
                0x000000000000268e                MifareClassicAppInit4K
 .text.MifareClassicAppReset
                0x00000000000026a8        0x8 Bin/MifareClassic.o
                0x00000000000026a8                MifareClassicAppReset
 .text.MifareClassicAppTask
                0x00000000000026b0        0x2 Bin/MifareClassic.o
                0x00000000000026b0                MifareClassicAppTask
 .text.MifareClassicAppProcess
                0x00000000000026b2      0x7a6 Bin/MifareClassic.o
                0x00000000000026b2                MifareClassicAppProcess
 .text.MifareClassicGetUid
                0x0000000000002e58        0xc Bin/MifareClassic.o
                0x0000000000002e58                MifareClassicGetUid
 .text.MifareClassicSetUid
                0x0000000000002e64       0x40 Bin/MifareClassic.o
                0x0000000000002e64                MifareClassicSetUid
 .text.ISO14443AAppendCRCA
                0x0000000000002ea4       0x5c Bin/ISO14443-3A.o
                0x0000000000002ea4                ISO14443AAppendCRCA
 .text.ISO14443ACheckCRCA
                0x0000000000002f00       0x7c Bin/ISO14443-3A.o
                0x0000000000002f00                ISO14443ACheckCRCA
 .text.Crypto1LFSR
                0x0000000000002f7c       0x8c Bin/Crypto1.o
 .text.Crypto1FilterOutput
                0x0000000000003008       0x64 Bin/Crypto1.o
                0x0000000000003008                Crypto1FilterOutput
 .text.Crypto1Setup
                0x000000000000306c      0x19a Bin/Crypto1.o
                0x000000000000306c                Crypto1Setup
 .text.Crypto1Auth
                0x0000000000003206       0x4a Bin/Crypto1.o
                0x0000000000003206                Crypto1Auth
 .text.Crypto1Byte
                0x0000000000003250       0x26 Bin/Crypto1.o
                0x0000000000003250                Crypto1Byte
 .text.Crypto1Nibble
                0x0000000000003276       0x26 Bin/Crypto1.o
                0x0000000000003276                Crypto1Nibble
 .text.Crypto1PRNG
                0x000000000000329c       0xa0 Bin/Crypto1.o
                0x000000000000329c                Crypto1PRNG
 .text.USB_Device_ProcessControlRequest
                0x000000000000333c      0x240 Bin/DeviceStandardReq.o
                0x000000000000333c                USB_Device_ProcessControlRequest
 .text.USB_Event_Stub
                0x000000000000357c        0x2 Bin/Events.o
                0x000000000000357c                EVENT_USB_Device_WakeUp
                0x000000000000357c                USB_Event_Stub
                0x000000000000357c                EVENT_USB_Device_Suspend
                0x000000000000357c                EVENT_USB_Device_StartOfFrame
                0x000000000000357c                EVENT_USB_Device_Reset
 .text.USB_USBTask
                0x000000000000357e       0x2a Bin/USBTask.o
                0x000000000000357e                USB_USBTask
 .text.Endpoint_Write_Stream_LE
                0x00000000000035a8       0xc8 Bin/EndpointStream_XMEGA.o
                0x00000000000035a8                Endpoint_Write_Stream_LE
 .text.Endpoint_Write_Control_Stream_LE
                0x0000000000003670      0x12a Bin/EndpointStream_XMEGA.o
                0x0000000000003670                Endpoint_Write_Control_Stream_LE
 .text.Endpoint_Write_Control_PStream_LE
                0x000000000000379a      0x158 Bin/EndpointStream_XMEGA.o
                0x000000000000379a                Endpoint_Write_Control_PStream_LE
 .text.Endpoint_ClearIN
                0x00000000000038f2       0x32 Bin/Endpoint_XMEGA.o
                0x00000000000038f2                Endpoint_ClearIN
 .text.Endpoint_ClearOUT
                0x0000000000003924       0x1e Bin/Endpoint_XMEGA.o
                0x0000000000003924                Endpoint_ClearOUT
 .text.Endpoint_Read_8
                0x0000000000003942       0x20 Bin/Endpoint_XMEGA.o
                0x0000000000003942                Endpoint_Read_8
 .text.Endpoint_Write_8
                0x0000000000003962       0x20 Bin/Endpoint_XMEGA.o
                0x0000000000003962                Endpoint_Write_8
 .text.Endpoint_SelectEndpoint
                0x0000000000003982       0x72 Bin/Endpoint_XMEGA.o
                0x0000000000003982                Endpoint_SelectEndpoint
 .text.Endpoint_IsINReady
                0x00000000000039f4       0x18 Bin/Endpoint_XMEGA.o
                0x00000000000039f4                Endpoint_IsINReady
 .text.Endpoint_IsOUTReceived
                0x0000000000003a0c       0x32 Bin/Endpoint_XMEGA.o
                0x0000000000003a0c                Endpoint_IsOUTReceived
 .text.Endpoint_IsSETUPReceived
                0x0000000000003a3e       0x32 Bin/Endpoint_XMEGA.o
                0x0000000000003a3e                Endpoint_IsSETUPReceived
 .text.Endpoint_ClearSETUP
                0x0000000000003a70       0x58 Bin/Endpoint_XMEGA.o
                0x0000000000003a70                Endpoint_ClearSETUP
 .text.Endpoint_StallTransaction
                0x0000000000003ac8       0x38 Bin/Endpoint_XMEGA.o
                0x0000000000003ac8                Endpoint_StallTransaction
 .text.Endpoint_ConfigureEndpoint_PRV
                0x0000000000003b00       0x96 Bin/Endpoint_XMEGA.o
                0x0000000000003b00                Endpoint_ConfigureEndpoint_PRV
 .text.Endpoint_ConfigureEndpointTable
                0x0000000000003b96       0xd8 Bin/Endpoint_XMEGA.o
                0x0000000000003b96                Endpoint_ConfigureEndpointTable
 .text.Endpoint_ClearEndpoints
                0x0000000000003c6e       0x70 Bin/Endpoint_XMEGA.o
                0x0000000000003c6e                Endpoint_ClearEndpoints
 .text.Endpoint_ClearStatusStage
                0x0000000000003cde       0x2c Bin/Endpoint_XMEGA.o
                0x0000000000003cde                Endpoint_ClearStatusStage
 .text.Endpoint_WaitUntilReady
                0x0000000000003d0a       0xa6 Bin/Endpoint_XMEGA.o
                0x0000000000003d0a                Endpoint_WaitUntilReady
 .text.USB_Disable
                0x0000000000003db0       0x1a Bin/USBController_XMEGA.o
                0x0000000000003db0                USB_Disable
 .text.USB_ResetInterface
                0x0000000000003dca       0x5c Bin/USBController_XMEGA.o
                0x0000000000003dca                USB_ResetInterface
 .text.USB_Init
                0x0000000000003e26       0x50 Bin/USBController_XMEGA.o
                0x0000000000003e26                USB_Init
 .text.USB_INT_DisableAllInterrupts
                0x0000000000003e76        0xe Bin/USBInterrupt_XMEGA.o
                0x0000000000003e76                USB_INT_DisableAllInterrupts
 .text.USB_INT_ClearAllInterrupts
                0x0000000000003e84        0xc Bin/USBInterrupt_XMEGA.o
                0x0000000000003e84                USB_INT_ClearAllInterrupts
 .text.__vector_125
                0x0000000000003e90       0xda Bin/USBInterrupt_XMEGA.o
                0x0000000000003e90                __vector_125
 .text.CDC_Device_ConfigureEndpoints
                0x0000000000003f6a       0x4a Bin/CDCClassDevice.o
                0x0000000000003f6a                CDC_Device_ConfigureEndpoints
 .text.CDC_Device_SendString
                0x0000000000003fb4       0x4a Bin/CDCClassDevice.o
                0x0000000000003fb4                CDC_Device_SendString
 .text.CDC_Device_SendData
                0x0000000000003ffe       0x54 Bin/CDCClassDevice.o
                0x0000000000003ffe                CDC_Device_SendData
 .text.CDC_Device_SendByte
                0x0000000000004052       0x6a Bin/CDCClassDevice.o
                0x0000000000004052                CDC_Device_SendByte
 .text.CDC_Device_Flush
                0x00000000000040bc       0x7c Bin/CDCClassDevice.o
                0x00000000000040bc                CDC_Device_Flush
 .text.CDC_Device_USBTask
                0x0000000000004138       0x36 Bin/CDCClassDevice.o
                0x0000000000004138                CDC_Device_USBTask
 .text.CDC_Device_ReceiveByte
                0x000000000000416e       0xb8 Bin/CDCClassDevice.o
                0x000000000000416e                CDC_Device_ReceiveByte
 .text.CDC_Device_Event_Stub
                0x0000000000004226        0x2 Bin/CDCClassDevice.o
                0x0000000000004226                EVENT_CDC_Device_LineEncodingChanged
                0x0000000000004226                EVENT_CDC_Device_ControLineStateChanged
                0x0000000000004226                EVENT_CDC_Device_BreakSent
                0x0000000000004226                CDC_Device_Event_Stub
 .text.CDC_Device_ProcessControlRequest
                0x0000000000004228      0x134 Bin/CDCClassDevice.o
                0x0000000000004228                CDC_Device_ProcessControlRequest
 .text.libgcc   0x000000000000435c        0xc /home/marcin/avr8-tools/bin/../lib/gcc/avr/4.8.1/avrxmega2/libgcc.a(_tablejump.o)
                0x000000000000435c                __tablejump2__
                0x0000000000004360                __tablejump__
 .text.libgcc.mul
                0x0000000000004368        0xc /home/marcin/avr8-tools/bin/../lib/gcc/avr/4.8.1/avrxmega2/libgcc.a(_mulshisi3.o)
                0x0000000000004368                __mulshisi3
                0x000000000000436c                __mulohisi3
 .text.libgcc.mul
                0x0000000000004374       0x14 /home/marcin/avr8-tools/bin/../lib/gcc/avr/4.8.1/avrxmega2/libgcc.a(_muluhisi3.o)
                0x0000000000004374                __muluhisi3
 .text.libgcc.mul
                0x0000000000004388       0x1e /home/marcin/avr8-tools/bin/../lib/gcc/avr/4.8.1/avrxmega2/libgcc.a(_umulhisi3.o)
                0x0000000000004388                __umulhisi3
 .text.avr-libc
                0x00000000000043a6       0xae /home/marcin/avr8-tools/bin/../lib/gcc/avr/4.8.1/../../../../avr/lib/avrxmega2/libc.a(rand.o)
                0x0000000000004436                rand_r
                0x0000000000004438                rand
                0x000000000000443e                srand
 .text.avr-libc
                0x0000000000004454       0x12 /home/marcin/avr8-tools/bin/../lib/gcc/avr/4.8.1/../../../../avr/lib/avrxmega2/libc.a(memcpy_P.o)
                0x0000000000004454                memcpy_P
 .text.avr-libc
                0x0000000000004466       0x12 /home/marcin/avr8-tools/bin/../lib/gcc/avr/4.8.1/../../../../avr/lib/avrxmega2/libc.a(strcmp_P.o)
                0x0000000000004466                strcmp_P
 .text.avr-libc
                0x0000000000004478       0x1e /home/marcin/avr8-tools/bin/../lib/gcc/avr/4.8.1/../../../../avr/lib/avrxmega2/libc.a(strncpy_P.o)
                0x0000000000004478                strncpy_P
 .text.avr-libc
                0x0000000000004496       0x12 /home/marcin/avr8-tools/bin/../lib/gcc/avr/4.8.1/../../../../avr/lib/avrxmega2/libc.a(memcpy.o)
                0x0000000000004496                memcpy
 .text.avr-libc
                0x00000000000044a8       0x5a /home/marcin/avr8-tools/bin/../lib/gcc/avr/4.8.1/../../../../avr/lib/avrxmega2/libc.a(snprintf_p.o)
                0x00000000000044a8                snprintf_P
 .text.avr-libc
                0x0000000000004502      0x386 /home/marcin/avr8-tools/bin/../lib/gcc/avr/4.8.1/../../../../avr/lib/avrxmega2/libc.a(vfprintf_std.o)
                0x0000000000004502                vfprintf
 .text.avr-libc
                0x0000000000004888       0x16 /home/marcin/avr8-tools/bin/../lib/gcc/avr/4.8.1/../../../../avr/lib/avrxmega2/libc.a(eerd_block_atxmega32a4u.o)
                0x0000000000004888                __eerd_block_x32a4u
 .text.avr-libc
                0x000000000000489e       0x12 /home/marcin/avr8-tools/bin/../lib/gcc/avr/4.8.1/../../../../avr/lib/avrxmega2/libc.a(eewr_block_atxmega32a4u.o)
                0x000000000000489e                __eewr_block_x32a4u
 .text.avr-libc
                0x00000000000048b0       0x46 /home/marcin/avr8-tools/bin/../lib/gcc/avr/4.8.1/../../../../avr/lib/avrxmega2/libc.a(eewr_byte_atxmega32a4u.o)
                0x00000000000048b0                __eewr_byte_x32a4u
                0x00000000000048b2                __eewr_r18_x32a4u
 .text.avr-libc
                0x00000000000048f6       0x16 /home/marcin/avr8-tools/bin/../lib/gcc/avr/4.8.1/../../../../avr/lib/avrxmega2/libc.a(strnlen_P.o)
                0x00000000000048f6                strnlen_P
 .text.avr-libc
                0x000000000000490c       0x16 /home/marcin/avr8-tools/bin/../lib/gcc/avr/4.8.1/../../../../avr/lib/avrxmega2/libc.a(strnlen.o)
                0x000000000000490c                strnlen
 .text.avr-libc
                0x0000000000004922       0x64 /home/marcin/avr8-tools/bin/../lib/gcc/avr/4.8.1/../../../../avr/lib/avrxmega2/libc.a(fputc.o)
                0x0000000000004922                fputc
 .text.avr-libc
                0x0000000000004986       0xbc /home/marcin/avr8-tools/bin/../lib/gcc/avr/4.8.1/../../../../avr/lib/avrxmega2/libc.a(ultoa_invert.o)
                0x0000000000004986                __ultoa_invert
 .text.libgcc.div
                0x0000000000004a42       0x28 /home/marcin/avr8-tools/bin/../lib/gcc/avr/4.8.1/avrxmega2/libgcc.a(_divmodsi4.o)
                0x0000000000004a42                __divmodsi4
 .text.libgcc.div
                0x0000000000004a6a       0x10 /home/marcin/avr8-tools/bin/../lib/gcc/avr/4.8.1/avrxmega2/libgcc.a(_negsi2.o)
                0x0000000000004a6a                __negsi2
 .text.libgcc.prologue
                0x0000000000004a7a       0x32 /home/marcin/avr8-tools/bin/../lib/gcc/avr/4.8.1/avrxmega2/libgcc.a(_prologue.o)
                0x0000000000004a7a                __prologue_saves__
 .text.libgcc.prologue
                0x0000000000004aac       0x30 /home/marcin/avr8-tools/bin/../lib/gcc/avr/4.8.1/avrxmega2/libgcc.a(_epilogue.o)
                0x0000000000004aac                __epilogue_restores__
 .text.libgcc.div
                0x0000000000004adc       0x44 /home/marcin/avr8-tools/bin/../lib/gcc/avr/4.8.1/avrxmega2/libgcc.a(_udivmodsi4.o)
                0x0000000000004adc                __udivmodsi4
                0x0000000000004b20                . = ALIGN (0x2)
 *(.fini9)
 .fini9         0x0000000000004b20        0x0 /home/marcin/avr8-tools/bin/../lib/gcc/avr/4.8.1/avrxmega2/libgcc.a(_exit.o)
                0x0000000000004b20                exit
                0x0000000000004b20                _exit
 *(.fini9)
 *(.fini8)
 *(.fini8)
 *(.fini7)
 *(.fini7)
 *(.fini6)
 *(.fini6)
 *(.fini5)
 *(.fini5)
 *(.fini4)
 *(.fini4)
 *(.fini3)
 *(.fini3)
 *(.fini2)
 *(.fini2)
 *(.fini1)
 *(.fini1)
 *(.fini0)
 .fini0         0x0000000000004b20        0x4 /home/marcin/avr8-tools/bin/../lib/gcc/avr/4.8.1/avrxmega2/libgcc.a(_exit.o)
 *(.fini0)
                0x0000000000004b24                _etext = .

.data           0x0000000000802000       0x92 load address 0x0000000000004b24
                0x0000000000802000                PROVIDE (__data_start, .)
 *(.data)
 .data          0x0000000000802000        0x0 /home/marcin/avr8-tools/bin/../lib/gcc/avr/4.8.1/../../../../avr/lib/avrxmega2/crtx32a4u.o
 .data          0x0000000000802000        0x0 Bin/Chameleon-Mini.o
 .data          0x0000000000802000        0x0 Bin/LUFADescriptors.o
 .data          0x0000000000802000        0x0 Bin/System.o
 .data          0x0000000000802000        0x0 Bin/Configuration.o
 .data          0x0000000000802000        0x0 Bin/Random.o
 .data          0x0000000000802000        0x0 Bin/Common.o
 .data          0x0000000000802000        0x0 Bin/Memory.o
 .data          0x0000000000802000        0x0 Bin/Button.o
 .data          0x0000000000802000        0x0 Bin/Settings.o
 .data          0x0000000000802000        0x0 Bin/LED.o
 .data          0x0000000000802000       0x1c Bin/Terminal.o
                0x0000000000802001                TerminalHandle
 .data          0x000000000080201c        0x0 Bin/Commands.o
 .data          0x000000000080201c        0x0 Bin/XModem.o
 .data          0x000000000080201c        0x0 Bin/CommandLine.o
 .data          0x000000000080201c        0x0 Bin/Codec.o
 .data          0x000000000080201c        0x0 Bin/ISO14443-2A.o
 .data          0x000000000080201c        0x0 Bin/MifareClassic.o
 .data          0x000000000080201c        0x0 Bin/ISO14443-3A.o
 .data          0x000000000080201c        0x0 Bin/Crypto1.o
 .data          0x000000000080201c        0x0 Bin/HIDParser.o
 .data          0x000000000080201c        0x0 Bin/ConfigDescriptors.o
 .data          0x000000000080201c        0x0 Bin/DeviceStandardReq.o
 .data          0x000000000080201c        0x0 Bin/Events.o
 .data          0x000000000080201c        0x0 Bin/HostStandardReq.o
 .data          0x000000000080201c        0x0 Bin/USBTask.o
 .data          0x000000000080201c        0x0 Bin/Device_XMEGA.o
 .data          0x000000000080201c        0x0 Bin/EndpointStream_XMEGA.o
 .data          0x000000000080201c        0x0 Bin/Endpoint_XMEGA.o
 .data          0x000000000080201c        0x0 Bin/Host_XMEGA.o
 .data          0x000000000080201c        0x0 Bin/PipeStream_XMEGA.o
 .data          0x000000000080201c        0x0 Bin/Pipe_XMEGA.o
 .data          0x000000000080201c        0x0 Bin/USBController_XMEGA.o
 .data          0x000000000080201c        0x0 Bin/USBInterrupt_XMEGA.o
 .data          0x000000000080201c        0x0 Bin/AudioClassDevice.o
 .data          0x000000000080201c        0x0 Bin/CDCClassDevice.o
 .data          0x000000000080201c        0x0 Bin/HIDClassDevice.o
 .data          0x000000000080201c        0x0 Bin/MassStorageClassDevice.o
 .data          0x000000000080201c        0x0 Bin/MIDIClassDevice.o
 .data          0x000000000080201c        0x0 Bin/PrinterClassDevice.o
 .data          0x000000000080201c        0x0 Bin/RNDISClassDevice.o
 .data          0x000000000080201c        0x0 Bin/AndroidAccessoryClassHost.o
 .data          0x000000000080201c        0x0 Bin/AudioClassHost.o
 .data          0x000000000080201c        0x0 Bin/CDCClassHost.o
 .data          0x000000000080201c        0x0 Bin/HIDClassHost.o
 .data          0x000000000080201c        0x0 Bin/MassStorageClassHost.o
 .data          0x000000000080201c        0x0 Bin/MIDIClassHost.o
 .data          0x000000000080201c        0x0 Bin/PrinterClassHost.o
 .data          0x000000000080201c        0x0 Bin/RNDISClassHost.o
 .data          0x000000000080201c        0x0 Bin/StillImageClassHost.o
 .data          0x000000000080201c        0x0 /home/marcin/avr8-tools/bin/../lib/gcc/avr/4.8.1/avrxmega2/libgcc.a(_exit.o)
 .data          0x000000000080201c        0x0 /home/marcin/avr8-tools/bin/../lib/gcc/avr/4.8.1/avrxmega2/libgcc.a(_tablejump.o)
 .data          0x000000000080201c        0x0 /home/marcin/avr8-tools/bin/../lib/gcc/avr/4.8.1/avrxmega2/libgcc.a(_copy_data.o)
 .data          0x000000000080201c        0x0 /home/marcin/avr8-tools/bin/../lib/gcc/avr/4.8.1/avrxmega2/libgcc.a(_clear_bss.o)
 .data          0x000000000080201c        0x0 /home/marcin/avr8-tools/bin/../lib/gcc/avr/4.8.1/avrxmega2/libgcc.a(_mulshisi3.o)
 .data          0x000000000080201c        0x0 /home/marcin/avr8-tools/bin/../lib/gcc/avr/4.8.1/avrxmega2/libgcc.a(_muluhisi3.o)
 .data          0x000000000080201c        0x0 /home/marcin/avr8-tools/bin/../lib/gcc/avr/4.8.1/avrxmega2/libgcc.a(_umulhisi3.o)
 .data          0x000000000080201c        0x4 /home/marcin/avr8-tools/bin/../lib/gcc/avr/4.8.1/../../../../avr/lib/avrxmega2/libc.a(rand.o)
 .data          0x0000000000802020        0x0 /home/marcin/avr8-tools/bin/../lib/gcc/avr/4.8.1/../../../../avr/lib/avrxmega2/libc.a(memcpy_P.o)
 .data          0x0000000000802020        0x0 /home/marcin/avr8-tools/bin/../lib/gcc/avr/4.8.1/../../../../avr/lib/avrxmega2/libc.a(strcmp_P.o)
 .data          0x0000000000802020        0x0 /home/marcin/avr8-tools/bin/../lib/gcc/avr/4.8.1/../../../../avr/lib/avrxmega2/libc.a(strncpy_P.o)
 .data          0x0000000000802020        0x0 /home/marcin/avr8-tools/bin/../lib/gcc/avr/4.8.1/../../../../avr/lib/avrxmega2/libc.a(memcmp.o)
 .data          0x0000000000802020        0x0 /home/marcin/avr8-tools/bin/../lib/gcc/avr/4.8.1/../../../../avr/lib/avrxmega2/libc.a(memcpy.o)
 .data          0x0000000000802020        0x0 /home/marcin/avr8-tools/bin/../lib/gcc/avr/4.8.1/../../../../avr/lib/avrxmega2/libc.a(memset.o)
 .data          0x0000000000802020        0x0 /home/marcin/avr8-tools/bin/../lib/gcc/avr/4.8.1/../../../../avr/lib/avrxmega2/libc.a(snprintf_p.o)
 .data          0x0000000000802020        0x0 /home/marcin/avr8-tools/bin/../lib/gcc/avr/4.8.1/../../../../avr/lib/avrxmega2/libc.a(vfprintf_std.o)
 .data          0x0000000000802020        0x0 /home/marcin/avr8-tools/bin/../lib/gcc/avr/4.8.1/../../../../avr/lib/avrxmega2/libc.a(eerd_block_atxmega32a4u.o)
 .data          0x0000000000802020        0x0 /home/marcin/avr8-tools/bin/../lib/gcc/avr/4.8.1/../../../../avr/lib/avrxmega2/libc.a(eerd_byte_atxmega32a4u.o)
 .data          0x0000000000802020        0x0 /home/marcin/avr8-tools/bin/../lib/gcc/avr/4.8.1/../../../../avr/lib/avrxmega2/libc.a(eeupd_byte_atxmega32a4u.o)
 .data          0x0000000000802020        0x0 /home/marcin/avr8-tools/bin/../lib/gcc/avr/4.8.1/../../../../avr/lib/avrxmega2/libc.a(eewr_block_atxmega32a4u.o)
 .data          0x0000000000802020        0x0 /home/marcin/avr8-tools/bin/../lib/gcc/avr/4.8.1/../../../../avr/lib/avrxmega2/libc.a(eewr_byte_atxmega32a4u.o)
 .data          0x0000000000802020        0x0 /home/marcin/avr8-tools/bin/../lib/gcc/avr/4.8.1/../../../../avr/lib/avrxmega2/libc.a(strnlen_P.o)
 .data          0x0000000000802020        0x0 /home/marcin/avr8-tools/bin/../lib/gcc/avr/4.8.1/../../../../avr/lib/avrxmega2/libc.a(strnlen.o)
 .data          0x0000000000802020        0x0 /home/marcin/avr8-tools/bin/../lib/gcc/avr/4.8.1/../../../../avr/lib/avrxmega2/libc.a(fputc.o)
 .data          0x0000000000802020        0x0 /home/marcin/avr8-tools/bin/../lib/gcc/avr/4.8.1/../../../../avr/lib/avrxmega2/libc.a(ultoa_invert.o)
 .data          0x0000000000802020        0x0 /home/marcin/avr8-tools/bin/../lib/gcc/avr/4.8.1/avrxmega2/libgcc.a(_divmodsi4.o)
 .data          0x0000000000802020        0x0 /home/marcin/avr8-tools/bin/../lib/gcc/avr/4.8.1/avrxmega2/libgcc.a(_negsi2.o)
 .data          0x0000000000802020        0x0 /home/marcin/avr8-tools/bin/../lib/gcc/avr/4.8.1/avrxmega2/libgcc.a(_prologue.o)
 .data          0x0000000000802020        0x0 /home/marcin/avr8-tools/bin/../lib/gcc/avr/4.8.1/avrxmega2/libgcc.a(_epilogue.o)
 .data          0x0000000000802020        0x0 /home/marcin/avr8-tools/bin/../lib/gcc/avr/4.8.1/avrxmega2/libgcc.a(_udivmodsi4.o)
 *(.data*)
 *(.rodata)
 .rodata        0x0000000000802020       0x70 Bin/Crypto1.o
 *(.rodata*)
 .rodata.str1.1
                0x0000000000802090        0x1 Bin/Commands.o
 *(.gnu.linkonce.d*)
                0x0000000000802092                . = ALIGN (0x2)
 *fill*         0x0000000000802091        0x1 
                0x0000000000802092                _edata = .
                0x0000000000802092                PROVIDE (__data_end, .)

.bss            0x0000000000802092      0x60b
                0x0000000000802092                PROVIDE (__bss_start, .)
 *(.bss)
 .bss           0x0000000000802092        0x1 Bin/Button.o
 .bss           0x0000000000802093        0x1 Bin/LED.o
                0x0000000000802093                LEDPulseMask
 .bss           0x0000000000802094        0x1 Bin/Terminal.o
                0x0000000000802094                TerminalState
 .bss           0x0000000000802095        0xe Bin/XModem.o
 .bss           0x00000000008020a3        0x2 Bin/CommandLine.o
 .bss           0x00000000008020a5       0x10 Bin/ISO14443-2A.o
 .bss           0x00000000008020b5       0x1d Bin/MifareClassic.o
 .bss           0x00000000008020d2        0x6 Bin/Crypto1.o
 *(.bss*)
 *(COMMON)
 COMMON         0x00000000008020d8       0x25 Bin/Configuration.o
                0x00000000008020d8                ActiveConfiguration
 COMMON         0x00000000008020fd       0x13 Bin/Settings.o
                0x00000000008020fd                GlobalSettings
 COMMON         0x0000000000802110      0x100 Bin/Terminal.o
                0x0000000000802110                TerminalBuffer
 COMMON         0x0000000000802210      0x100 Bin/Codec.o
                0x0000000000802210                CodecBuffer
 COMMON         0x0000000000802310        0x3 Bin/DeviceStandardReq.o
                0x0000000000802310                USB_Device_ConfigurationNumber
                0x0000000000802311                USB_Device_CurrentlySelfPowered
                0x0000000000802312                USB_Device_RemoteWakeupEnabled
 COMMON         0x0000000000802313        0xa Bin/USBTask.o
                0x0000000000802313                USB_IsInitialized
                0x0000000000802314                USB_DeviceState
                0x0000000000802315                USB_ControlRequest
 COMMON         0x000000000080231d      0x31d Bin/Endpoint_XMEGA.o
                0x000000000080231d                USB_Endpoint_SelectedFIFO
                0x000000000080231f                USB_Endpoint_SelectedHandle
                0x0000000000802321                USB_Endpoint_SelectedEndpoint
                0x0000000000802322                USB_Endpoint_FIFOs
 COMMON         0x000000000080263a       0x63 Bin/USBController_XMEGA.o
                0x000000000080263a                USB_EndpointTable
                0x000000000080269d                PROVIDE (__bss_end, .)
                0x0000000000004b24                __data_load_start = LOADADDR (.data)
                0x0000000000004bb6                __data_load_end = (__data_load_start + SIZEOF (.data))

.noinit         0x000000000080269d        0x0
                0x000000000080269d                PROVIDE (__noinit_start, .)
 *(.noinit*)
                0x000000000080269d                PROVIDE (__noinit_end, .)
                0x000000000080269d                _end = .
                0x000000000080269d                PROVIDE (__heap_start, .)

.eeprom         0x0000000000810000       0x13
 *(.eeprom*)
 .eeprom        0x0000000000810000       0x13 Bin/Settings.o
                0x0000000000810000                StoredSettings
                0x0000000000810013                __eeprom_end = .

.fuse
 *(.fuse)
 *(.lfuse)
 *(.hfuse)
 *(.efuse)

.lock
 *(.lock*)

.signature
 *(.signature*)

.user_signatures
 *(.user_signatures*)

.stab
 *(.stab)

.stabstr
 *(.stabstr)

.stab.excl
 *(.stab.excl)

.stab.exclstr
 *(.stab.exclstr)

.stab.index
 *(.stab.index)

.stab.indexstr
 *(.stab.indexstr)

.comment        0x0000000000000000       0x5c
 *(.comment)
 .comment       0x0000000000000000       0x30 Bin/Chameleon-Mini.o
                                         0x31 (size before relaxing)
 .comment       0x0000000000000000       0x31 Bin/LUFADescriptors.o
 .comment       0x0000000000000000       0x31 Bin/System.o
 .comment       0x0000000000000000       0x31 Bin/Configuration.o
 .comment       0x0000000000000000       0x31 Bin/Random.o
 .comment       0x0000000000000000       0x31 Bin/Common.o
 .comment       0x0000000000000000       0x31 Bin/Memory.o
 .comment       0x0000000000000000       0x31 Bin/Button.o
 .comment       0x0000000000000000       0x31 Bin/Settings.o
 .comment       0x0000000000000000       0x31 Bin/LED.o
 .comment       0x0000000000000000       0x31 Bin/Terminal.o
 .comment       0x0000000000000000       0x31 Bin/Commands.o
 .comment       0x0000000000000000       0x31 Bin/XModem.o
 .comment       0x0000000000000000       0x31 Bin/CommandLine.o
 .comment       0x0000000000000000       0x31 Bin/Codec.o
 .comment       0x0000000000000000       0x31 Bin/ISO14443-2A.o
 .comment       0x0000000000000000       0x31 Bin/MifareClassic.o
 .comment       0x0000000000000000       0x31 Bin/ISO14443-3A.o
 .comment       0x0000000000000000       0x31 Bin/Crypto1.o
 .comment       0x0000000000000000       0x31 Bin/HIDParser.o
 .comment       0x0000000000000000       0x31 Bin/ConfigDescriptors.o
 .comment       0x0000000000000000       0x31 Bin/DeviceStandardReq.o
 .comment       0x0000000000000000       0x31 Bin/Events.o
 .comment       0x0000000000000000       0x31 Bin/HostStandardReq.o
 .comment       0x0000000000000000       0x31 Bin/USBTask.o
 .comment       0x0000000000000000       0x31 Bin/Device_XMEGA.o
 .comment       0x0000000000000000       0x31 Bin/EndpointStream_XMEGA.o
 .comment       0x0000000000000000       0x31 Bin/Endpoint_XMEGA.o
 .comment       0x0000000000000000       0x31 Bin/Host_XMEGA.o
 .comment       0x0000000000000000       0x31 Bin/PipeStream_XMEGA.o
 .comment       0x0000000000000000       0x31 Bin/Pipe_XMEGA.o
 .comment       0x0000000000000000       0x31 Bin/USBController_XMEGA.o
 .comment       0x0000000000000000       0x31 Bin/USBInterrupt_XMEGA.o
 .comment       0x0000000000000000       0x31 Bin/AudioClassDevice.o
 .comment       0x0000000000000000       0x31 Bin/CDCClassDevice.o
 .comment       0x0000000000000000       0x31 Bin/HIDClassDevice.o
 .comment       0x0000000000000000       0x31 Bin/MassStorageClassDevice.o
 .comment       0x0000000000000000       0x31 Bin/MIDIClassDevice.o
 .comment       0x0000000000000000       0x31 Bin/PrinterClassDevice.o
 .comment       0x0000000000000000       0x31 Bin/RNDISClassDevice.o
 .comment       0x0000000000000000       0x31 Bin/AndroidAccessoryClassHost.o
 .comment       0x0000000000000000       0x31 Bin/AudioClassHost.o
 .comment       0x0000000000000000       0x31 Bin/CDCClassHost.o
 .comment       0x0000000000000000       0x31 Bin/HIDClassHost.o
 .comment       0x0000000000000000       0x31 Bin/MassStorageClassHost.o
 .comment       0x0000000000000000       0x31 Bin/MIDIClassHost.o
 .comment       0x0000000000000000       0x31 Bin/PrinterClassHost.o
 .comment       0x0000000000000000       0x31 Bin/RNDISClassHost.o
 .comment       0x0000000000000000       0x31 Bin/StillImageClassHost.o
 .comment       0x0000000000000030       0x2c /home/marcin/avr8-tools/bin/../lib/gcc/avr/4.8.1/../../../../avr/lib/avrxmega2/libc.a(rand.o)
                                         0x2d (size before relaxing)
 .comment       0x0000000000000000       0x2d /home/marcin/avr8-tools/bin/../lib/gcc/avr/4.8.1/../../../../avr/lib/avrxmega2/libc.a(snprintf_p.o)
 .comment       0x0000000000000000       0x2d /home/marcin/avr8-tools/bin/../lib/gcc/avr/4.8.1/../../../../avr/lib/avrxmega2/libc.a(vfprintf_std.o)
 .comment       0x0000000000000000       0x2d /home/marcin/avr8-tools/bin/../lib/gcc/avr/4.8.1/../../../../avr/lib/avrxmega2/libc.a(fputc.o)

.debug
 *(.debug)

.line
 *(.line)

.debug_srcinfo
 *(.debug_srcinfo)

.debug_sfnames
 *(.debug_sfnames)

.debug_aranges  0x0000000000000000      0xb40
 *(.debug_aranges)
 .debug_aranges
                0x0000000000000000       0x20 Bin/Chameleon-Mini.o
 .debug_aranges
                0x0000000000000020       0x20 Bin/LUFADescriptors.o
 .debug_aranges
                0x0000000000000040       0x50 Bin/System.o
 .debug_aranges
                0x0000000000000090       0x78 Bin/Configuration.o
 .debug_aranges
                0x0000000000000108       0x38 Bin/Random.o
 .debug_aranges
                0x0000000000000140       0x28 Bin/Common.o
 .debug_aranges
                0x0000000000000168       0x48 Bin/Memory.o
 .debug_aranges
                0x00000000000001b0       0x48 Bin/Button.o
 .debug_aranges
                0x00000000000001f8       0x50 Bin/Settings.o
 .debug_aranges
                0x0000000000000248       0x18 Bin/LED.o
 .debug_aranges
                0x0000000000000260       0x68 Bin/Terminal.o
 .debug_aranges
                0x00000000000002c8       0xc8 Bin/Commands.o
 .debug_aranges
                0x0000000000000390       0x38 Bin/XModem.o
 .debug_aranges
                0x00000000000003c8       0x30 Bin/CommandLine.o
 .debug_aranges
                0x00000000000003f8       0x18 Bin/Codec.o
 .debug_aranges
                0x0000000000000410       0x48 Bin/ISO14443-2A.o
 .debug_aranges
                0x0000000000000458       0x50 Bin/MifareClassic.o
 .debug_aranges
                0x00000000000004a8       0x28 Bin/ISO14443-3A.o
 .debug_aranges
                0x00000000000004d0       0x50 Bin/Crypto1.o
 .debug_aranges
                0x0000000000000520       0x38 Bin/HIDParser.o
 .debug_aranges
                0x0000000000000558       0x38 Bin/ConfigDescriptors.o
 .debug_aranges
                0x0000000000000590       0x20 Bin/DeviceStandardReq.o
 .debug_aranges
                0x00000000000005b0       0x20 Bin/Events.o
 .debug_aranges
                0x00000000000005d0       0x18 Bin/HostStandardReq.o
 .debug_aranges
                0x00000000000005e8       0x20 Bin/USBTask.o
 .debug_aranges
                0x0000000000000608       0x20 Bin/Device_XMEGA.o
 .debug_aranges
                0x0000000000000628       0xc8 Bin/EndpointStream_XMEGA.o
 .debug_aranges
                0x00000000000006f0       0x90 Bin/Endpoint_XMEGA.o
 .debug_aranges
                0x0000000000000780       0x18 Bin/Host_XMEGA.o
 .debug_aranges
                0x0000000000000798       0x18 Bin/PipeStream_XMEGA.o
 .debug_aranges
                0x00000000000007b0       0x18 Bin/Pipe_XMEGA.o
 .debug_aranges
                0x00000000000007c8       0x30 Bin/USBController_XMEGA.o
 .debug_aranges
                0x00000000000007f8       0x30 Bin/USBInterrupt_XMEGA.o
 .debug_aranges
                0x0000000000000828       0x30 Bin/AudioClassDevice.o
 .debug_aranges
                0x0000000000000858       0x98 Bin/CDCClassDevice.o
 .debug_aranges
                0x00000000000008f0       0x30 Bin/HIDClassDevice.o
 .debug_aranges
                0x0000000000000920       0x30 Bin/MassStorageClassDevice.o
 .debug_aranges
                0x0000000000000950       0x40 Bin/MIDIClassDevice.o
 .debug_aranges
                0x0000000000000990       0x90 Bin/PrinterClassDevice.o
 .debug_aranges
                0x0000000000000a20       0x48 Bin/RNDISClassDevice.o
 .debug_aranges
                0x0000000000000a68       0x18 Bin/AndroidAccessoryClassHost.o
 .debug_aranges
                0x0000000000000a80       0x18 Bin/AudioClassHost.o
 .debug_aranges
                0x0000000000000a98       0x18 Bin/CDCClassHost.o
 .debug_aranges
                0x0000000000000ab0       0x18 Bin/HIDClassHost.o
 .debug_aranges
                0x0000000000000ac8       0x18 Bin/MassStorageClassHost.o
 .debug_aranges
                0x0000000000000ae0       0x18 Bin/MIDIClassHost.o
 .debug_aranges
                0x0000000000000af8       0x18 Bin/PrinterClassHost.o
 .debug_aranges
                0x0000000000000b10       0x18 Bin/RNDISClassHost.o
 .debug_aranges
                0x0000000000000b28       0x18 Bin/StillImageClassHost.o

.debug_pubnames
 *(.debug_pubnames)

.debug_info     0x0000000000000000    0x186b6
 *(.debug_info)
 .debug_info    0x0000000000000000     0x1381 Bin/Chameleon-Mini.o
 .debug_info    0x0000000000001381      0x962 Bin/LUFADescriptors.o
 .debug_info    0x0000000000001ce3      0xea8 Bin/System.o
 .debug_info    0x0000000000002b8b      0x64b Bin/Configuration.o
 .debug_info    0x00000000000031d6      0x177 Bin/Random.o
 .debug_info    0x000000000000334d      0x1b3 Bin/Common.o
 .debug_info    0x0000000000003500      0xffa Bin/Memory.o
 .debug_info    0x00000000000044fa      0xa18 Bin/Button.o
 .debug_info    0x0000000000004f12      0x4e2 Bin/Settings.o
 .debug_info    0x00000000000053f4       0x7a Bin/LED.o
 .debug_info    0x000000000000546e      0xb73 Bin/Terminal.o
 .debug_info    0x0000000000005fe1     0x1806 Bin/Commands.o
 .debug_info    0x00000000000077e7      0xa2b Bin/XModem.o
 .debug_info    0x0000000000008212      0xb77 Bin/CommandLine.o
 .debug_info    0x0000000000008d89      0x1f1 Bin/Codec.o
 .debug_info    0x0000000000008f7a     0x187e Bin/ISO14443-2A.o
 .debug_info    0x000000000000a7f8      0xee1 Bin/MifareClassic.o
 .debug_info    0x000000000000b6d9      0x179 Bin/ISO14443-3A.o
 .debug_info    0x000000000000b852      0x42a Bin/Crypto1.o
 .debug_info    0x000000000000bc7c      0x73c Bin/HIDParser.o
 .debug_info    0x000000000000c3b8      0x5ed Bin/ConfigDescriptors.o
 .debug_info    0x000000000000c9a5     0x119b Bin/DeviceStandardReq.o
 .debug_info    0x000000000000db40       0x7f Bin/Events.o
 .debug_info    0x000000000000dbbf       0x5d Bin/HostStandardReq.o
 .debug_info    0x000000000000dc1c      0x433 Bin/USBTask.o
 .debug_info    0x000000000000e04f      0x670 Bin/Device_XMEGA.o
 .debug_info    0x000000000000e6bf     0x198f Bin/EndpointStream_XMEGA.o
 .debug_info    0x000000000001004e      0xd09 Bin/Endpoint_XMEGA.o
 .debug_info    0x0000000000010d57       0x5d Bin/Host_XMEGA.o
 .debug_info    0x0000000000010db4       0x5d Bin/PipeStream_XMEGA.o
 .debug_info    0x0000000000010e11       0x5d Bin/Pipe_XMEGA.o
 .debug_info    0x0000000000010e6e      0xd3e Bin/USBController_XMEGA.o
 .debug_info    0x0000000000011bac      0xa7b Bin/USBInterrupt_XMEGA.o
 .debug_info    0x0000000000012627      0xab1 Bin/AudioClassDevice.o
 .debug_info    0x00000000000130d8      0xf9f Bin/CDCClassDevice.o
 .debug_info    0x0000000000014077      0xf94 Bin/HIDClassDevice.o
 .debug_info    0x000000000001500b      0xa9e Bin/MassStorageClassDevice.o
 .debug_info    0x0000000000015aa9      0x7c4 Bin/MIDIClassDevice.o
 .debug_info    0x000000000001626d      0xded Bin/PrinterClassDevice.o
 .debug_info    0x000000000001705a     0x1317 Bin/RNDISClassDevice.o
 .debug_info    0x0000000000018371       0x5d Bin/AndroidAccessoryClassHost.o
 .debug_info    0x00000000000183ce       0x5d Bin/AudioClassHost.o
 .debug_info    0x000000000001842b       0x5d Bin/CDCClassHost.o
 .debug_info    0x0000000000018488       0x5d Bin/HIDClassHost.o
 .debug_info    0x00000000000184e5       0x5d Bin/MassStorageClassHost.o
 .debug_info    0x0000000000018542       0x5d Bin/MIDIClassHost.o
 .debug_info    0x000000000001859f       0x5d Bin/PrinterClassHost.o
 .debug_info    0x00000000000185fc       0x5d Bin/RNDISClassHost.o
 .debug_info    0x0000000000018659       0x5d Bin/StillImageClassHost.o
 *(.gnu.linkonce.wi.*)

.debug_abbrev   0x0000000000000000     0x549f
 *(.debug_abbrev)
 .debug_abbrev  0x0000000000000000      0x1d2 Bin/Chameleon-Mini.o
 .debug_abbrev  0x00000000000001d2      0x1bb Bin/LUFADescriptors.o
 .debug_abbrev  0x000000000000038d      0x144 Bin/System.o
 .debug_abbrev  0x00000000000004d1      0x250 Bin/Configuration.o
 .debug_abbrev  0x0000000000000721      0x113 Bin/Random.o
 .debug_abbrev  0x0000000000000834       0xb2 Bin/Common.o
 .debug_abbrev  0x00000000000008e6      0x2ad Bin/Memory.o
 .debug_abbrev  0x0000000000000b93      0x2ea Bin/Button.o
 .debug_abbrev  0x0000000000000e7d      0x1c7 Bin/Settings.o
 .debug_abbrev  0x0000000000001044       0x44 Bin/LED.o
 .debug_abbrev  0x0000000000001088      0x33a Bin/Terminal.o
 .debug_abbrev  0x00000000000013c2      0x397 Bin/Commands.o
 .debug_abbrev  0x0000000000001759      0x2ce Bin/XModem.o
 .debug_abbrev  0x0000000000001a27      0x2d2 Bin/CommandLine.o
 .debug_abbrev  0x0000000000001cf9       0xc4 Bin/Codec.o
 .debug_abbrev  0x0000000000001dbd      0x2db Bin/ISO14443-2A.o
 .debug_abbrev  0x0000000000002098      0x314 Bin/MifareClassic.o
 .debug_abbrev  0x00000000000023ac       0xa6 Bin/ISO14443-3A.o
 .debug_abbrev  0x0000000000002452      0x1a9 Bin/Crypto1.o
 .debug_abbrev  0x00000000000025fb      0x22d Bin/HIDParser.o
 .debug_abbrev  0x0000000000002828      0x248 Bin/ConfigDescriptors.o
 .debug_abbrev  0x0000000000002a70      0x38d Bin/DeviceStandardReq.o
 .debug_abbrev  0x0000000000002dfd       0x44 Bin/Events.o
 .debug_abbrev  0x0000000000002e41       0x26 Bin/HostStandardReq.o
 .debug_abbrev  0x0000000000002e67      0x21b Bin/USBTask.o
 .debug_abbrev  0x0000000000003082      0x11e Bin/Device_XMEGA.o
 .debug_abbrev  0x00000000000031a0      0x252 Bin/EndpointStream_XMEGA.o
 .debug_abbrev  0x00000000000033f2      0x300 Bin/Endpoint_XMEGA.o
 .debug_abbrev  0x00000000000036f2       0x26 Bin/Host_XMEGA.o
 .debug_abbrev  0x0000000000003718       0x26 Bin/PipeStream_XMEGA.o
 .debug_abbrev  0x000000000000373e       0x26 Bin/Pipe_XMEGA.o
 .debug_abbrev  0x0000000000003764      0x2f7 Bin/USBController_XMEGA.o
 .debug_abbrev  0x0000000000003a5b      0x266 Bin/USBInterrupt_XMEGA.o
 .debug_abbrev  0x0000000000003cc1      0x280 Bin/AudioClassDevice.o
 .debug_abbrev  0x0000000000003f41      0x41d Bin/CDCClassDevice.o
 .debug_abbrev  0x000000000000435e      0x2d1 Bin/HIDClassDevice.o
 .debug_abbrev  0x000000000000462f      0x338 Bin/MassStorageClassDevice.o
 .debug_abbrev  0x0000000000004967      0x285 Bin/MIDIClassDevice.o
 .debug_abbrev  0x0000000000004bec      0x3c7 Bin/PrinterClassDevice.o
 .debug_abbrev  0x0000000000004fb3      0x396 Bin/RNDISClassDevice.o
 .debug_abbrev  0x0000000000005349       0x26 Bin/AndroidAccessoryClassHost.o
 .debug_abbrev  0x000000000000536f       0x26 Bin/AudioClassHost.o
 .debug_abbrev  0x0000000000005395       0x26 Bin/CDCClassHost.o
 .debug_abbrev  0x00000000000053bb       0x26 Bin/HIDClassHost.o
 .debug_abbrev  0x00000000000053e1       0x26 Bin/MassStorageClassHost.o
 .debug_abbrev  0x0000000000005407       0x26 Bin/MIDIClassHost.o
 .debug_abbrev  0x000000000000542d       0x26 Bin/PrinterClassHost.o
 .debug_abbrev  0x0000000000005453       0x26 Bin/RNDISClassHost.o
 .debug_abbrev  0x0000000000005479       0x26 Bin/StillImageClassHost.o

.debug_line     0x0000000000000000     0x9b58
 *(.debug_line)
 .debug_line    0x0000000000000000      0x320 Bin/Chameleon-Mini.o
 .debug_line    0x0000000000000320      0x280 Bin/LUFADescriptors.o
 .debug_line    0x00000000000005a0      0x1e1 Bin/System.o
 .debug_line    0x0000000000000781      0x30e Bin/Configuration.o
 .debug_line    0x0000000000000a8f       0xe1 Bin/Random.o
 .debug_line    0x0000000000000b70      0x1ed Bin/Common.o
 .debug_line    0x0000000000000d5d      0x700 Bin/Memory.o
 .debug_line    0x000000000000145d      0x3a6 Bin/Button.o
 .debug_line    0x0000000000001803      0x257 Bin/Settings.o
 .debug_line    0x0000000000001a5a       0x53 Bin/LED.o
 .debug_line    0x0000000000001aad      0x3e7 Bin/Terminal.o
 .debug_line    0x0000000000001e94      0x75d Bin/Commands.o
 .debug_line    0x00000000000025f1      0x48c Bin/XModem.o
 .debug_line    0x0000000000002a7d      0x351 Bin/CommandLine.o
 .debug_line    0x0000000000002dce       0x77 Bin/Codec.o
 .debug_line    0x0000000000002e45      0x5da Bin/ISO14443-2A.o
 .debug_line    0x000000000000341f      0x6c2 Bin/MifareClassic.o
 .debug_line    0x0000000000003ae1      0x144 Bin/ISO14443-3A.o
 .debug_line    0x0000000000003c25      0x436 Bin/Crypto1.o
 .debug_line    0x000000000000405b      0x6c0 Bin/HIDParser.o
 .debug_line    0x000000000000471b      0x26d Bin/ConfigDescriptors.o
 .debug_line    0x0000000000004988      0x44d Bin/DeviceStandardReq.o
 .debug_line    0x0000000000004dd5       0x4f Bin/Events.o
 .debug_line    0x0000000000004e24       0x1a Bin/HostStandardReq.o
 .debug_line    0x0000000000004e3e      0x199 Bin/USBTask.o
 .debug_line    0x0000000000004fd7      0x115 Bin/Device_XMEGA.o
 .debug_line    0x00000000000050ec     0x151e Bin/EndpointStream_XMEGA.o
 .debug_line    0x000000000000660a      0x67e Bin/Endpoint_XMEGA.o
 .debug_line    0x0000000000006c88       0x1a Bin/Host_XMEGA.o
 .debug_line    0x0000000000006ca2       0x1a Bin/PipeStream_XMEGA.o
 .debug_line    0x0000000000006cbc       0x1a Bin/Pipe_XMEGA.o
 .debug_line    0x0000000000006cd6      0x33b Bin/USBController_XMEGA.o
 .debug_line    0x0000000000007011      0x340 Bin/USBInterrupt_XMEGA.o
 .debug_line    0x0000000000007351      0x3e5 Bin/AudioClassDevice.o
 .debug_line    0x0000000000007736      0x80a Bin/CDCClassDevice.o
 .debug_line    0x0000000000007f40      0x50e Bin/HIDClassDevice.o
 .debug_line    0x000000000000844e      0x499 Bin/MassStorageClassDevice.o
 .debug_line    0x00000000000088e7      0x39e Bin/MIDIClassDevice.o
 .debug_line    0x0000000000008c85      0x747 Bin/PrinterClassDevice.o
 .debug_line    0x00000000000093cc      0x6a2 Bin/RNDISClassDevice.o
 .debug_line    0x0000000000009a6e       0x1a Bin/AndroidAccessoryClassHost.o
 .debug_line    0x0000000000009a88       0x1a Bin/AudioClassHost.o
 .debug_line    0x0000000000009aa2       0x1a Bin/CDCClassHost.o
 .debug_line    0x0000000000009abc       0x1a Bin/HIDClassHost.o
 .debug_line    0x0000000000009ad6       0x1a Bin/MassStorageClassHost.o
 .debug_line    0x0000000000009af0       0x1a Bin/MIDIClassHost.o
 .debug_line    0x0000000000009b0a       0x1a Bin/PrinterClassHost.o
 .debug_line    0x0000000000009b24       0x1a Bin/RNDISClassHost.o
 .debug_line    0x0000000000009b3e       0x1a Bin/StillImageClassHost.o

.debug_frame    0x0000000000000000     0x1ce4
 *(.debug_frame)
 .debug_frame   0x0000000000000000       0x24 Bin/Chameleon-Mini.o
 .debug_frame   0x0000000000000024       0x24 Bin/LUFADescriptors.o
 .debug_frame   0x0000000000000048       0x90 Bin/System.o
 .debug_frame   0x00000000000000d8       0xfc Bin/Configuration.o
 .debug_frame   0x00000000000001d4       0x64 Bin/Random.o
 .debug_frame   0x0000000000000238       0x40 Bin/Common.o
 .debug_frame   0x0000000000000278      0x13c Bin/Memory.o
 .debug_frame   0x00000000000003b4       0xb4 Bin/Button.o
 .debug_frame   0x0000000000000468       0x84 Bin/Settings.o
 .debug_frame   0x00000000000004ec       0xcc Bin/Terminal.o
 .debug_frame   0x00000000000005b8      0x288 Bin/Commands.o
 .debug_frame   0x0000000000000840       0x5c Bin/XModem.o
 .debug_frame   0x000000000000089c       0x54 Bin/CommandLine.o
 .debug_frame   0x00000000000008f0      0x110 Bin/ISO14443-2A.o
 .debug_frame   0x0000000000000a00       0xdc Bin/MifareClassic.o
 .debug_frame   0x0000000000000adc       0x34 Bin/ISO14443-3A.o
 .debug_frame   0x0000000000000b10      0x13c Bin/Crypto1.o
 .debug_frame   0x0000000000000c4c      0x11c Bin/HIDParser.o
 .debug_frame   0x0000000000000d68       0xd0 Bin/ConfigDescriptors.o
 .debug_frame   0x0000000000000e38       0x40 Bin/DeviceStandardReq.o
 .debug_frame   0x0000000000000e78       0x24 Bin/Events.o
 .debug_frame   0x0000000000000e9c       0x2c Bin/USBTask.o
 .debug_frame   0x0000000000000ec8       0x24 Bin/Device_XMEGA.o
 .debug_frame   0x0000000000000eec      0x4a0 Bin/EndpointStream_XMEGA.o
 .debug_frame   0x000000000000138c      0x15c Bin/Endpoint_XMEGA.o
 .debug_frame   0x00000000000014e8       0x50 Bin/USBController_XMEGA.o
 .debug_frame   0x0000000000001538       0x8c Bin/USBInterrupt_XMEGA.o
 .debug_frame   0x00000000000015c4       0xa4 Bin/AudioClassDevice.o
 .debug_frame   0x0000000000001668      0x1e0 Bin/CDCClassDevice.o
 .debug_frame   0x0000000000001848       0xf0 Bin/HIDClassDevice.o
 .debug_frame   0x0000000000001938       0x80 Bin/MassStorageClassDevice.o
 .debug_frame   0x00000000000019b8       0x94 Bin/MIDIClassDevice.o
 .debug_frame   0x0000000000001a4c      0x194 Bin/PrinterClassDevice.o
 .debug_frame   0x0000000000001be0      0x104 Bin/RNDISClassDevice.o

.debug_str      0x0000000000000000     0x7730
 *(.debug_str)
 .debug_str     0x0000000000000000      0xda4 Bin/Chameleon-Mini.o
                                        0xe69 (size before relaxing)
 .debug_str     0x0000000000000da4      0x8cc Bin/LUFADescriptors.o
                                        0xbf4 (size before relaxing)
 .debug_str     0x0000000000001670      0x764 Bin/System.o
                                        0xc6f (size before relaxing)
 .debug_str     0x0000000000001dd4      0x2ce Bin/Configuration.o
                                        0x613 (size before relaxing)
 .debug_str     0x00000000000020a2       0x2c Bin/Random.o
                                        0x1ee (size before relaxing)
 .debug_str     0x00000000000020ce       0x56 Bin/Common.o
                                        0x211 (size before relaxing)
 .debug_str     0x0000000000002124      0x29a Bin/Memory.o
                                        0x82e (size before relaxing)
 .debug_str     0x00000000000023be      0x1d2 Bin/Button.o
                                        0x759 (size before relaxing)
 .debug_str     0x0000000000002590       0xc0 Bin/Settings.o
                                        0x561 (size before relaxing)
 .debug_str     0x0000000000002650        0x6 Bin/LED.o
                                        0x19f (size before relaxing)
 .debug_str     0x0000000000002656      0x295 Bin/Terminal.o
                                        0x803 (size before relaxing)
 .debug_str     0x00000000000028eb      0x3f0 Bin/Commands.o
                                        0xda9 (size before relaxing)
 .debug_str     0x0000000000002cdb      0x149 Bin/XModem.o
                                        0x60a (size before relaxing)
 .debug_str     0x0000000000002e24       0xc1 Bin/CommandLine.o
                                        0x5e7 (size before relaxing)
 .debug_str     0x0000000000002ee5       0x1a Bin/Codec.o
                                        0x30f (size before relaxing)
 .debug_str     0x0000000000002eff     0x12b9 Bin/ISO14443-2A.o
                                       0x1af7 (size before relaxing)
 .debug_str     0x00000000000041b8      0x2b0 Bin/MifareClassic.o
                                        0x61c (size before relaxing)
 .debug_str     0x0000000000004468       0x1a Bin/ISO14443-3A.o
                                        0x208 (size before relaxing)
 .debug_str     0x0000000000004482       0x95 Bin/Crypto1.o
                                        0x296 (size before relaxing)
 .debug_str     0x0000000000004517      0x48d Bin/HIDParser.o
                                        0x6ca (size before relaxing)
 .debug_str     0x00000000000049a4      0x22e Bin/ConfigDescriptors.o
                                        0x508 (size before relaxing)
 .debug_str     0x0000000000004bd2      0xa04 Bin/DeviceStandardReq.o
                                       0x1206 (size before relaxing)
 .debug_str     0x00000000000055d6       0x31 Bin/Events.o
                                        0x1b5 (size before relaxing)
 .debug_str     0x0000000000005607       0x2b Bin/HostStandardReq.o
                                        0x1af (size before relaxing)
 .debug_str     0x0000000000005632       0x6d Bin/USBTask.o
                                        0x481 (size before relaxing)
 .debug_str     0x000000000000569f       0x4a Bin/Device_XMEGA.o
                                        0x5f5 (size before relaxing)
 .debug_str     0x00000000000056e9      0x4d9 Bin/EndpointStream_XMEGA.o
                                        0x999 (size before relaxing)
 .debug_str     0x0000000000005bc2      0x2aa Bin/Endpoint_XMEGA.o
                                        0xb07 (size before relaxing)
 .debug_str     0x0000000000005e6c       0x2c Bin/Host_XMEGA.o
                                        0x1b0 (size before relaxing)
 .debug_str     0x0000000000005e98       0x32 Bin/PipeStream_XMEGA.o
                                        0x1b6 (size before relaxing)
 .debug_str     0x0000000000005eca       0x2c Bin/Pipe_XMEGA.o
                                        0x1b0 (size before relaxing)
 .debug_str     0x0000000000005ef6      0x1bb Bin/USBController_XMEGA.o
                                        0xe97 (size before relaxing)
 .debug_str     0x00000000000060b1       0xaa Bin/USBInterrupt_XMEGA.o
                                        0x968 (size before relaxing)
 .debug_str     0x000000000000615b      0x280 Bin/AudioClassDevice.o
                                        0x7dc (size before relaxing)
 .debug_str     0x00000000000063db      0x286 Bin/CDCClassDevice.o
                                        0xb31 (size before relaxing)
 .debug_str     0x0000000000006661      0x248 Bin/HIDClassDevice.o
                                        0xb4c (size before relaxing)
 .debug_str     0x00000000000068a9      0x261 Bin/MassStorageClassDevice.o
                                        0x92f (size before relaxing)
 .debug_str     0x0000000000006b0a      0x115 Bin/MIDIClassDevice.o
                                        0x786 (size before relaxing)
 .debug_str     0x0000000000006c1f      0x269 Bin/PrinterClassDevice.o
                                        0xa5a (size before relaxing)
 .debug_str     0x0000000000006e88      0x6e5 Bin/RNDISClassDevice.o
                                        0xe8f (size before relaxing)
 .debug_str     0x000000000000756d       0x3b Bin/AndroidAccessoryClassHost.o
                                        0x1bf (size before relaxing)
 .debug_str     0x00000000000075a8       0x30 Bin/AudioClassHost.o
                                        0x1b4 (size before relaxing)
 .debug_str     0x00000000000075d8       0x2e Bin/CDCClassHost.o
                                        0x1b2 (size before relaxing)
 .debug_str     0x0000000000007606       0x2e Bin/HIDClassHost.o
                                        0x1b2 (size before relaxing)
 .debug_str     0x0000000000007634       0x36 Bin/MassStorageClassHost.o
                                        0x1ba (size before relaxing)
 .debug_str     0x000000000000766a       0x2f Bin/MIDIClassHost.o
                                        0x1b3 (size before relaxing)
 .debug_str     0x0000000000007699       0x32 Bin/PrinterClassHost.o
                                        0x1b6 (size before relaxing)
 .debug_str     0x00000000000076cb       0x30 Bin/RNDISClassHost.o
                                        0x1b4 (size before relaxing)
 .debug_str     0x00000000000076fb       0x35 Bin/StillImageClassHost.o
                                        0x1b9 (size before relaxing)

.debug_loc      0x0000000000000000     0xc6d6
 *(.debug_loc)
 .debug_loc     0x0000000000000000      0x253 Bin/LUFADescriptors.o
 .debug_loc     0x0000000000000253       0x2f Bin/System.o
 .debug_loc     0x0000000000000282      0x4e7 Bin/Configuration.o
 .debug_loc     0x0000000000000769       0xde Bin/Random.o
 .debug_loc     0x0000000000000847      0x34b Bin/Common.o
 .debug_loc     0x0000000000000b92      0xc2a Bin/Memory.o
 .debug_loc     0x00000000000017bc      0x76c Bin/Button.o
 .debug_loc     0x0000000000001f28      0x16d Bin/Settings.o
 .debug_loc     0x0000000000002095      0x214 Bin/Terminal.o
 .debug_loc     0x00000000000022a9      0xa5a Bin/Commands.o
 .debug_loc     0x0000000000002d03      0x390 Bin/XModem.o
 .debug_loc     0x0000000000003093      0x670 Bin/CommandLine.o
 .debug_loc     0x0000000000003703      0x4a4 Bin/ISO14443-2A.o
 .debug_loc     0x0000000000003ba7      0x972 Bin/MifareClassic.o
 .debug_loc     0x0000000000004519      0x317 Bin/ISO14443-3A.o
 .debug_loc     0x0000000000004830      0x7ad Bin/Crypto1.o
 .debug_loc     0x0000000000004fdd      0xf27 Bin/HIDParser.o
 .debug_loc     0x0000000000005f04      0x592 Bin/ConfigDescriptors.o
 .debug_loc     0x0000000000006496      0x2d8 Bin/DeviceStandardReq.o
 .debug_loc     0x000000000000676e       0x22 Bin/USBTask.o
 .debug_loc     0x0000000000006790     0x2acb Bin/EndpointStream_XMEGA.o
 .debug_loc     0x000000000000925b      0x58b Bin/Endpoint_XMEGA.o
 .debug_loc     0x00000000000097e6       0x80 Bin/USBController_XMEGA.o
 .debug_loc     0x0000000000009866      0x200 Bin/USBInterrupt_XMEGA.o
 .debug_loc     0x0000000000009a66      0x37f Bin/AudioClassDevice.o
 .debug_loc     0x0000000000009de5      0xa0b Bin/CDCClassDevice.o
 .debug_loc     0x000000000000a7f0      0x3e7 Bin/HIDClassDevice.o
 .debug_loc     0x000000000000abd7      0x29f Bin/MassStorageClassDevice.o
 .debug_loc     0x000000000000ae76      0x33c Bin/MIDIClassDevice.o
 .debug_loc     0x000000000000b1b2      0x8cd Bin/PrinterClassDevice.o
 .debug_loc     0x000000000000ba7f      0xc57 Bin/RNDISClassDevice.o

.debug_macinfo
 *(.debug_macinfo)

.debug_pubtypes
 *(.debug_pubtypes)

.debug_ranges   0x0000000000000000     0x1640
 *(.debug_ranges)
 .debug_ranges  0x0000000000000000       0x28 Bin/Chameleon-Mini.o
 .debug_ranges  0x0000000000000028       0x10 Bin/LUFADescriptors.o
 .debug_ranges  0x0000000000000038       0x40 Bin/System.o
 .debug_ranges  0x0000000000000078       0xb8 Bin/Configuration.o
 .debug_ranges  0x0000000000000130       0x28 Bin/Random.o
 .debug_ranges  0x0000000000000158       0x48 Bin/Common.o
 .debug_ranges  0x00000000000001a0      0x210 Bin/Memory.o
 .debug_ranges  0x00000000000003b0       0xa0 Bin/Button.o
 .debug_ranges  0x0000000000000450       0x40 Bin/Settings.o
 .debug_ranges  0x0000000000000490       0xb8 Bin/Terminal.o
 .debug_ranges  0x0000000000000548       0xf0 Bin/Commands.o
 .debug_ranges  0x0000000000000638       0x40 Bin/XModem.o
 .debug_ranges  0x0000000000000678       0xc0 Bin/CommandLine.o
 .debug_ranges  0x0000000000000738       0xc0 Bin/ISO14443-2A.o
 .debug_ranges  0x00000000000007f8      0x158 Bin/MifareClassic.o
 .debug_ranges  0x0000000000000950       0x18 Bin/ISO14443-3A.o
 .debug_ranges  0x0000000000000968       0x40 Bin/Crypto1.o
 .debug_ranges  0x00000000000009a8      0x108 Bin/HIDParser.o
 .debug_ranges  0x0000000000000ab0       0x40 Bin/ConfigDescriptors.o
 .debug_ranges  0x0000000000000af0       0xf0 Bin/DeviceStandardReq.o
 .debug_ranges  0x0000000000000be0       0x10 Bin/Events.o
 .debug_ranges  0x0000000000000bf0       0x38 Bin/USBTask.o
 .debug_ranges  0x0000000000000c28       0x10 Bin/Device_XMEGA.o
 .debug_ranges  0x0000000000000c38      0x4f0 Bin/EndpointStream_XMEGA.o
 .debug_ranges  0x0000000000001128       0xf8 Bin/Endpoint_XMEGA.o
 .debug_ranges  0x0000000000001220       0x20 Bin/USBController_XMEGA.o
 .debug_ranges  0x0000000000001240       0x20 Bin/USBInterrupt_XMEGA.o
 .debug_ranges  0x0000000000001260       0x38 Bin/AudioClassDevice.o
 .debug_ranges  0x0000000000001298      0x100 Bin/CDCClassDevice.o
 .debug_ranges  0x0000000000001398       0x20 Bin/HIDClassDevice.o
 .debug_ranges  0x00000000000013b8       0x80 Bin/MassStorageClassDevice.o
 .debug_ranges  0x0000000000001438       0x48 Bin/MIDIClassDevice.o
 .debug_ranges  0x0000000000001480      0x128 Bin/PrinterClassDevice.o
 .debug_ranges  0x00000000000015a8       0x98 Bin/RNDISClassDevice.o

.debug_macro
 *(.debug_macro)
OUTPUT(Chameleon-Mini.elf elf32-avr)
LOAD linker stubs

Cross Reference Table

Symbol                                            File
ActiveConfiguration                               Bin/MifareClassic.o
                                                  Bin/ISO14443-2A.o
                                                  Bin/Commands.o
                                                  Bin/Button.o
                                                  Bin/Configuration.o
                                                  Bin/Chameleon-Mini.o
Audio_Device_ConfigureEndpoints                   Bin/AudioClassDevice.o
Audio_Device_Event_Stub                           Bin/AudioClassDevice.o
Audio_Device_ProcessControlRequest                Bin/AudioClassDevice.o
BufferToHexString                                 Bin/Common.o
                                                  Bin/Commands.o
ButtonGetActionByName                             Bin/Button.o
                                                  Bin/Commands.o
ButtonGetActionList                               Bin/Button.o
                                                  Bin/Commands.o
ButtonInit                                        Bin/Button.o
                                                  Bin/Chameleon-Mini.o
ButtonSetActionById                               Bin/Button.o
ButtonSetActionByName                             Bin/Button.o
                                                  Bin/Commands.o
ButtonTick                                        Bin/Button.o
                                                  Bin/Chameleon-Mini.o
CALLBACK_Audio_Device_GetSetEndpointProperty      Bin/AudioClassDevice.o
CALLBACK_Audio_Device_GetSetInterfaceProperty     Bin/AudioClassDevice.o
CALLBACK_HIDParser_FilterHIDReportItem            Bin/HIDParser.o
CALLBACK_HID_Device_CreateHIDReport               Bin/HIDClassDevice.o
CALLBACK_HID_Device_ProcessHIDReport              Bin/HIDClassDevice.o
CALLBACK_MS_Device_SCSICommandReceived            Bin/MassStorageClassDevice.o
CALLBACK_USB_GetDescriptor                        Bin/LUFADescriptors.o
                                                  Bin/DeviceStandardReq.o
CDC_Device_BytesReceived                          Bin/CDCClassDevice.o
CDC_Device_ConfigureEndpoints                     Bin/CDCClassDevice.o
                                                  Bin/Terminal.o
CDC_Device_CreateBlockingStream                   Bin/CDCClassDevice.o
CDC_Device_CreateStream                           Bin/CDCClassDevice.o
CDC_Device_Event_Stub                             Bin/CDCClassDevice.o
CDC_Device_Flush                                  Bin/CDCClassDevice.o
CDC_Device_ProcessControlRequest                  Bin/CDCClassDevice.o
                                                  Bin/Terminal.o
CDC_Device_ReceiveByte                            Bin/CDCClassDevice.o
                                                  Bin/Terminal.o
CDC_Device_SendByte                               Bin/CDCClassDevice.o
                                                  Bin/XModem.o
                                                  Bin/Terminal.o
CDC_Device_SendControlLineStateChange             Bin/CDCClassDevice.o
CDC_Device_SendData                               Bin/CDCClassDevice.o
                                                  Bin/Terminal.o
CDC_Device_SendString                             Bin/CDCClassDevice.o
                                                  Bin/Terminal.o
CDC_Device_USBTask                                Bin/CDCClassDevice.o
                                                  Bin/Terminal.o
CodecBuffer                                       Bin/ISO14443-2A.o
                                                  Bin/Codec.o
CommandExecButton                                 Bin/Commands.o
                                                  Bin/CommandLine.o
CommandExecClear                                  Bin/Commands.o
                                                  Bin/CommandLine.o
CommandExecConfig                                 Bin/Commands.o
                                                  Bin/CommandLine.o
CommandExecDownload                               Bin/Commands.o
                                                  Bin/CommandLine.o
CommandExecHelp                                   Bin/Commands.o
                                                  Bin/CommandLine.o
CommandExecReset                                  Bin/Commands.o
                                                  Bin/CommandLine.o
CommandExecUpgrade                                Bin/Commands.o
                                                  Bin/CommandLine.o
CommandExecUpload                                 Bin/Commands.o
                                                  Bin/CommandLine.o
CommandGetButton                                  Bin/Commands.o
                                                  Bin/CommandLine.o
CommandGetConfig                                  Bin/Commands.o
                                                  Bin/CommandLine.o
CommandGetMemSize                                 Bin/Commands.o
                                                  Bin/CommandLine.o
CommandGetReadOnly                                Bin/Commands.o
                                                  Bin/CommandLine.o
CommandGetRssi                                    Bin/Commands.o
                                                  Bin/CommandLine.o
CommandGetSetting                                 Bin/Commands.o
                                                  Bin/CommandLine.o
CommandGetUid                                     Bin/Commands.o
                                                  Bin/CommandLine.o
CommandGetUidSize                                 Bin/Commands.o
                                                  Bin/CommandLine.o
CommandGetVersion                                 Bin/Commands.o
                                                  Bin/CommandLine.o
CommandLineInit                                   Bin/CommandLine.o
CommandLineProcessByte                            Bin/CommandLine.o
                                                  Bin/Terminal.o
CommandLineTick                                   Bin/CommandLine.o
                                                  Bin/Terminal.o
CommandSetButton                                  Bin/Commands.o
                                                  Bin/CommandLine.o
CommandSetConfig                                  Bin/Commands.o
                                                  Bin/CommandLine.o
CommandSetReadOnly                                Bin/Commands.o
                                                  Bin/CommandLine.o
CommandSetSetting                                 Bin/Commands.o
                                                  Bin/CommandLine.o
CommandSetUid                                     Bin/Commands.o
                                                  Bin/CommandLine.o
CommandTable                                      Bin/CommandLine.o
                                                  Bin/Commands.o
ConfigurationDescriptor                           Bin/LUFADescriptors.o
ConfigurationGetList                              Bin/Configuration.o
                                                  Bin/Commands.o
ConfigurationInit                                 Bin/Configuration.o
                                                  Bin/Settings.o
                                                  Bin/Chameleon-Mini.o
ConfigurationSetById                              Bin/Configuration.o
ConfigurationSetByName                            Bin/Configuration.o
                                                  Bin/Commands.o
Crypto1Auth                                       Bin/Crypto1.o
                                                  Bin/MifareClassic.o
Crypto1Byte                                       Bin/Crypto1.o
                                                  Bin/MifareClassic.o
Crypto1FilterOutput                               Bin/Crypto1.o
                                                  Bin/MifareClassic.o
Crypto1Nibble                                     Bin/Crypto1.o
                                                  Bin/MifareClassic.o
Crypto1PRNG                                       Bin/Crypto1.o
                                                  Bin/MifareClassic.o
Crypto1Setup                                      Bin/Crypto1.o
                                                  Bin/MifareClassic.o
DeviceDescriptor                                  Bin/LUFADescriptors.o
EVENT_Audio_Device_StreamStartStop                Bin/AudioClassDevice.o
EVENT_CDC_Device_BreakSent                        Bin/CDCClassDevice.o
EVENT_CDC_Device_ControLineStateChanged           Bin/CDCClassDevice.o
EVENT_CDC_Device_LineEncodingChanged              Bin/CDCClassDevice.o
EVENT_PRNT_Device_SoftReset                       Bin/PrinterClassDevice.o
EVENT_USB_Device_ConfigurationChanged             Bin/Terminal.o
                                                  Bin/DeviceStandardReq.o
EVENT_USB_Device_Connect                          Bin/Terminal.o
                                                  Bin/USBInterrupt_XMEGA.o
EVENT_USB_Device_ControlRequest                   Bin/Terminal.o